Component: ARM Compiler 5.06 update 6 (build 750) Tool: armlink [4d35ed]

==============================================================================

Section Cross References

    startup_stm32f746xx.o(STACK) refers (Special) to heapauxi.o(.text) for __use_two_region_memory
    startup_stm32f746xx.o(HEAP) refers (Special) to heapauxi.o(.text) for __use_two_region_memory
    startup_stm32f746xx.o(RESET) refers (Special) to heapauxi.o(.text) for __use_two_region_memory
    startup_stm32f746xx.o(RESET) refers to startup_stm32f746xx.o(STACK) for __initial_sp
    startup_stm32f746xx.o(RESET) refers to startup_stm32f746xx.o(.text) for Reset_Handler
    startup_stm32f746xx.o(RESET) refers to stm32f7xx_it.o(i.NMI_Handler) for NMI_Handler
    startup_stm32f746xx.o(RESET) refers to stm32f7xx_it.o(i.HardFault_Handler) for HardFault_Handler
    startup_stm32f746xx.o(RESET) refers to stm32f7xx_it.o(i.MemManage_Handler) for MemManage_Handler
    startup_stm32f746xx.o(RESET) refers to stm32f7xx_it.o(i.BusFault_Handler) for BusFault_Handler
    startup_stm32f746xx.o(RESET) refers to stm32f7xx_it.o(i.UsageFault_Handler) for UsageFault_Handler
    startup_stm32f746xx.o(RESET) refers to port.o(.emb_text) for SVC_Handler
    startup_stm32f746xx.o(RESET) refers to stm32f7xx_it.o(i.DebugMon_Handler) for DebugMon_Handler
    startup_stm32f746xx.o(RESET) refers to port.o(i.SysTick_Handler) for SysTick_Handler
    startup_stm32f746xx.o(RESET) refers to stm32f7xx_it.o(i.TIM6_DAC_IRQHandler) for TIM6_DAC_IRQHandler
    startup_stm32f746xx.o(.text) refers (Special) to heapauxi.o(.text) for __use_two_region_memory
    startup_stm32f746xx.o(.text) refers to system_stm32f7xx.o(i.SystemInit) for SystemInit
    startup_stm32f746xx.o(.text) refers to __main.o(!!!main) for __main
    startup_stm32f746xx.o(.text) refers to startup_stm32f746xx.o(HEAP) for Heap_Mem
    startup_stm32f746xx.o(.text) refers to startup_stm32f746xx.o(STACK) for Stack_Mem
    main.o(i.HAL_GPIO_EXTI_Callback) refers to stm32f7xx_hal_gpio.o(i.HAL_GPIO_TogglePin) for HAL_GPIO_TogglePin
    main.o(i.HAL_TIM_PeriodElapsedCallback) refers to stm32f7xx_hal.o(i.HAL_IncTick) for HAL_IncTick
    main.o(i.LM75_ReadTemp_HAL) refers to stm32f7xx_hal_i2c.o(i.HAL_I2C_Master_Transmit) for HAL_I2C_Master_Transmit
    main.o(i.LM75_ReadTemp_HAL) refers to stm32f7xx_hal_i2c.o(i.HAL_I2C_Master_Receive) for HAL_I2C_Master_Receive
    main.o(i.LM75_ReadTemp_HAL) refers to main.o(.bss) for .bss
    main.o(i.MX_ETH_Init) refers to stm32f7xx_hal_eth.o(i.HAL_ETH_Init) for HAL_ETH_Init
    main.o(i.MX_ETH_Init) refers to rt_memclr_w.o(.text) for __aeabi_memclr4
    main.o(i.MX_ETH_Init) refers to main.o(.bss) for .bss
    main.o(i.MX_ETH_Init) refers to main.o(.data) for .data
    main.o(i.MX_ETH_Init) refers to main.o(.ARM.__AT_0x2004C0A0) for .ARM.__AT_0x2004C0A0
    main.o(i.MX_ETH_Init) refers to main.o(.ARM.__AT_0x2004C000) for .ARM.__AT_0x2004C000
    main.o(i.MX_GPIO_Init) refers to rt_memclr_w.o(.text) for __aeabi_memclr4
    main.o(i.MX_GPIO_Init) refers to stm32f7xx_hal_gpio.o(i.HAL_GPIO_WritePin) for HAL_GPIO_WritePin
    main.o(i.MX_GPIO_Init) refers to stm32f7xx_hal_gpio.o(i.HAL_GPIO_Init) for HAL_GPIO_Init
    main.o(i.MX_I2C1_Init) refers to stm32f7xx_hal_i2c.o(i.HAL_I2C_Init) for HAL_I2C_Init
    main.o(i.MX_I2C1_Init) refers to stm32f7xx_hal_i2c_ex.o(i.HAL_I2CEx_ConfigAnalogFilter) for HAL_I2CEx_ConfigAnalogFilter
    main.o(i.MX_I2C1_Init) refers to stm32f7xx_hal_i2c_ex.o(i.HAL_I2CEx_ConfigDigitalFilter) for HAL_I2CEx_ConfigDigitalFilter
    main.o(i.MX_I2C1_Init) refers to main.o(.bss) for .bss
    main.o(i.MX_USART3_UART_Init) refers to stm32f7xx_hal_uart.o(i.HAL_UART_Init) for HAL_UART_Init
    main.o(i.MX_USART3_UART_Init) refers to main.o(.bss) for .bss
    main.o(i.MX_USB_OTG_FS_PCD_Init) refers to stm32f7xx_hal_pcd.o(i.HAL_PCD_Init) for HAL_PCD_Init
    main.o(i.MX_USB_OTG_FS_PCD_Init) refers to main.o(.bss) for .bss
    main.o(i.StartDefaultTask) refers to cmsis_os2.o(i.osDelay) for osDelay
    main.o(i.StartalarmTask) refers to cmsis_os2.o(i.osEventFlagsWait) for osEventFlagsWait
    main.o(i.StartalarmTask) refers to cmsis_os2.o(i.osEventFlagsGet) for osEventFlagsGet
    main.o(i.StartalarmTask) refers to stm32f7xx_hal_gpio.o(i.HAL_GPIO_TogglePin) for HAL_GPIO_TogglePin
    main.o(i.StartalarmTask) refers to stm32f7xx_hal_gpio.o(i.HAL_GPIO_WritePin) for HAL_GPIO_WritePin
    main.o(i.StartalarmTask) refers to cmsis_os2.o(i.osDelay) for osDelay
    main.o(i.StartalarmTask) refers to main.o(.data) for .data
    main.o(i.StartserialTask) refers to _printf_percent.o(.ARM.Collect$$_printf_percent$$00000000) for _printf_percent
    main.o(i.StartserialTask) refers to _printf_f.o(.ARM.Collect$$_printf_percent$$00000003) for _printf_f
    main.o(i.StartserialTask) refers to printf1.o(x$fpl$printf1) for _printf_fp_dec
    main.o(i.StartserialTask) refers to cmsis_os2.o(i.osMessageQueueGet) for osMessageQueueGet
[...]
    uxTopReadyPriority                       0x20000048   Data           4  tasks.o(.data)
    xSchedulerRunning                        0x2000004c   Data           4  tasks.o(.data)
    uxPendedTicks                            0x20000050   Data           4  tasks.o(.data)
    xYieldPending                            0x20000054   Data           4  tasks.o(.data)
    xNumOfOverflows                          0x20000058   Data           4  tasks.o(.data)
    uxTaskNumber                             0x2000005c   Data           4  tasks.o(.data)
    xNextTaskUnblockTime                     0x20000060   Data           4  tasks.o(.data)
    xIdleTaskHandle                          0x20000064   Data           4  tasks.o(.data)
    uxSchedulerSuspended                     0x20000068   Data           4  tasks.o(.data)
    .data                                    0x2000006c   Section       20  timers.o(.data)
    pxCurrentTimerList                       0x2000006c   Data           4  timers.o(.data)
    pxOverflowTimerList                      0x20000070   Data           4  timers.o(.data)
    xTimerQueue                              0x20000074   Data           4  timers.o(.data)
    xTimerTaskHandle                         0x20000078   Data           4  timers.o(.data)
    xLastTime                                0x2000007c   Data           4  timers.o(.data)
    .data                                    0x20000080   Section        4  cmsis_os2.o(.data)
    KernelState                              0x20000080   Data           4  cmsis_os2.o(.data)
    .data                                    0x20000084   Section       24  heap_4.o(.data)
    pxEnd                                    0x20000084   Data           4  heap_4.o(.data)
    xFreeBytesRemaining                      0x20000088   Data           4  heap_4.o(.data)
    xMinimumEverFreeBytesRemaining           0x2000008c   Data           4  heap_4.o(.data)
    xBlockAllocatedBit                       0x20000090   Data           4  heap_4.o(.data)
    xStart                                   0x20000094   Data           8  heap_4.o(.data)
    .data                                    0x2000009c   Section       12  port.o(.data)
    ucMaxSysCallPriority                     0x2000009c   Data           1  port.o(.data)
    uxCriticalNesting                        0x200000a0   Data           4  port.o(.data)
    ulMaxPRIGROUPValue                       0x200000a4   Data           4  port.o(.data)
    .bss                                     0x200000a8   Section     1700  main.o(.bss)
    .bss                                     0x2000074c   Section       76  stm32f7xx_hal_timebase_tim.o(.bss)
    .bss                                     0x20000798   Section       64  queue.o(.bss)
    .bss                                     0x200007d8   Section     1220  tasks.o(.bss)
    pxReadyTasksLists                        0x200007d8   Data        1120  tasks.o(.bss)
    xDelayedTaskList1                        0x20000c38   Data          20  tasks.o(.bss)
    xDelayedTaskList2                        0x20000c4c   Data          20  tasks.o(.bss)
    xPendingReadyList                        0x20000c60   Data          20  tasks.o(.bss)
    xTasksWaitingTermination                 0x20000c74   Data          20  tasks.o(.bss)
    xSuspendedTaskList                       0x20000c88   Data          20  tasks.o(.bss)
    .bss                                     0x20000c9c   Section      280  timers.o(.bss)
    xActiveTimerList1                        0x20000c9c   Data          20  timers.o(.bss)
    xActiveTimerList2                        0x20000cb0   Data          20  timers.o(.bss)
    xStaticTimerQueue                        0x20000cc4   Data          80  timers.o(.bss)
    ucStaticTimerQueueStorage                0x20000d14   Data         160  timers.o(.bss)
    .bss                                     0x20000db4   Section     3256  cmsis_os2.o(.bss)
    Idle_TCB                                 0x20000db4   Data          92  cmsis_os2.o(.bss)
    Idle_Stack                               0x20000e10   Data        1024  cmsis_os2.o(.bss)
    Timer_TCB                                0x20001210   Data          92  cmsis_os2.o(.bss)
    Timer_Stack                              0x2000126c   Data        2048  cmsis_os2.o(.bss)
    .bss                                     0x20001a6c   Section    15360  heap_4.o(.bss)
    ucHeap                                   0x20001a6c   Data       15360  heap_4.o(.bss)
    .bss                                     0x2000566c   Section       96  libspace.o(.bss)
    HEAP                                     0x200056d0   Section      512  startup_stm32f746xx.o(HEAP)
    Heap_Mem                                 0x200056d0   Data         512  startup_stm32f746xx.o(HEAP)
    STACK                                    0x200058d0   Section     1024  startup_stm32f746xx.o(STACK)
    Stack_Mem                                0x200058d0   Data        1024  startup_stm32f746xx.o(STACK)
    __initial_sp                             0x20005cd0   Data           0  startup_stm32f746xx.o(STACK)
    .ARM.__AT_0x2004C000                     0x2004c000   Section      160  main.o(.ARM.__AT_0x2004C000)
    .ARM.__AT_0x2004C0A0                     0x2004c0a0   Section      160  main.o(.ARM.__AT_0x2004C0A0)

    Global Symbols

    Symbol Name                              Value     Ov Type        Size  Object(Section)

    BuildAttributes$$THM_ISAv4$E$P$D$K$B$S$7EM$VFPi5$EXTD16$VFPS$VFMA$PE$PLD8$A:L22UL41UL21$X:L11$S22US41US21$IEEE1$IW$USESV6$~STKCKD$USESV7$~SHL$OTIME$ROPI$IEEEJ$EBA8$UX$STANDARDLIB$REQ8$PRES8$EABIv2 0x00000000   Number         0  anon$$obj.o ABSOLUTE
    __ARM_use_no_argv                        0x00000000   Number         0  main.o ABSOLUTE
    _printf_flags                            0x00000000   Number         0  printf_stubs.o ABSOLUTE
    _printf_return_value                     0x00000000   Number         0  printf_stubs.o ABSOLUTE
    _printf_sizespec                         0x00000000   Number         0  printf_stubs.o ABSOLUTE
    _printf_widthprec                        0x00000000   Number         0  printf_stubs.o ABSOLUTE
    __ARM_exceptions_init                     - Undefined Weak Reference
    __alloca_initialize                       - Undefined Weak Reference
    __arm_preinit_                            - Undefined Weak Reference
    __cpp_initialize__aeabi_                  - Undefined Weak Reference
    __cxa_finalize                            - Undefined Weak Reference
    __sigvec_lookup                           - Undefined Weak Reference
    _atexit_init                              - Undefined Weak Reference
    _call_atexit_fns                          - Undefined Weak Reference
    _clock_init                               - Undefined Weak Reference
    _fp_trap_init                             - Undefined Weak Reference
    _fp_trap_shutdown                         - Undefined Weak Reference
    _get_lc_collate                           - Undefined Weak Reference
    _get_lc_ctype                             - Undefined Weak Reference
    _get_lc_monetary                          - Undefined Weak Reference
    _get_lc_time                              - Undefined Weak Reference
    _getenv_init                              - Undefined Weak Reference
    _handle_redirection                       - Undefined Weak Reference
    _init_alloc                               - Undefined Weak Reference
    _init_user_alloc                          - Undefined Weak Reference
    _initio                                   - Undefined Weak Reference
    _printf_post_padding                      - Undefined Weak Reference
    _printf_pre_padding                       - Undefined Weak Reference
    _rand_init                                - Undefined Weak Reference
    _signal_finish                            - Undefined Weak Reference
    _signal_init                              - Undefined Weak Reference
    _terminate_alloc                          - Undefined Weak Reference
    _terminate_user_alloc                     - Undefined Weak Reference
    _terminateio                              - Undefined Weak Reference
    __Vectors_Size                           0x000001c8   Number         0  startup_stm32f746xx.o ABSOLUTE
    __Vectors                                0x08000000   Data           4  startup_stm32f746xx.o(RESET)
    __Vectors_End                            0x080001c8   Data           0  startup_stm32f746xx.o(RESET)
    __main                                   0x080001c9   Thumb Code     8  __main.o(!!!main)
    __scatterload                            0x080001d1   Thumb Code     0  __scatter.o(!!!scatter)
    __scatterload_rt2                        0x080001d1   Thumb Code    44  __scatter.o(!!!scatter)
    __scatterload_rt2_thumb_only             0x080001d1   Thumb Code     0  __scatter.o(!!!scatter)
    __scatterload_null                       0x080001df   Thumb Code     0  __scatter.o(!!!scatter)
    __scatterload_copy                       0x08000205   Thumb Code    26  __scatter_copy.o(!!handler_copy)
    __scatterload_zeroinit                   0x08000221   Thumb Code    28  __scatter_zi.o(!!handler_zi)
    _printf_f                                0x0800023d   Thumb Code     0  _printf_f.o(.ARM.Collect$$_printf_percent$$00000003)
    _printf_percent                          0x0800023d   Thumb Code     0  _printf_percent.o(.ARM.Collect$$_printf_percent$$00000000)
    _printf_percent_end                      0x08000243   Thumb Code     0  _printf_percent_end.o(.ARM.Collect$$_printf_percent$$00000017)
    __rt_lib_init                            0x08000247   Thumb Code     0  libinit.o(.ARM.Collect$$libinit$$00000000)
    __rt_lib_init_fp_1                       0x08000249   Thumb Code     0  libinit2.o(.ARM.Collect$$libinit$$00000001)
    __rt_lib_init_heap_1                     0x0800024d   Thumb Code     0  libinit2.o(.ARM.Collect$$libinit$$0000000A)
    __rt_lib_init_lc_common                  0x0800024d   Thumb Code     0  libinit2.o(.ARM.Collect$$libinit$$0000000F)
    __rt_lib_init_preinit_1                  0x0800024d   Thumb Code     0  libinit2.o(.ARM.Collect$$libinit$$00000004)
    __rt_lib_init_rand_1                     0x0800024d   Thumb Code     0  libinit2.o(.ARM.Collect$$libinit$$0000000E)
    __rt_lib_init_user_alloc_1               0x0800024d   Thumb Code     0  libinit2.o(.ARM.Collect$$libinit$$0000000C)
    __rt_lib_init_lc_collate_1               0x08000253   Thumb Code     0  libinit2.o(.ARM.Collect$$libinit$$00000011)
    __rt_lib_init_lc_ctype_1                 0x08000253   Thumb Code     0  libinit2.o(.ARM.Collect$$libinit$$00000013)
    __rt_lib_init_lc_monetary_1              0x08000253   Thumb Code     0  libinit2.o(.ARM.Collect$$libinit$$00000015)
    __rt_lib_init_lc_numeric_2               0x08000253   Thumb Code     0  libinit2.o(.ARM.Collect$$libinit$$00000016)
    __rt_lib_init_alloca_1                   0x0800025d   Thumb Code     0  libinit2.o(.ARM.Collect$$libinit$$0000002E)
    __rt_lib_init_argv_1                     0x0800025d   Thumb Code     0  libinit2.o(.ARM.Collect$$libinit$$0000002C)
    __rt_lib_init_atexit_1                   0x0800025d   Thumb Code     0  libinit2.o(.ARM.Collect$$libinit$$0000001B)
    __rt_lib_init_clock_1                    0x0800025d   Thumb Code     0  libinit2.o(.ARM.Collect$$libinit$$00000021)
    __rt_lib_init_cpp_1                      0x0800025d   Thumb Code     0  libinit2.o(.ARM.Collect$$libinit$$00000032)
    __rt_lib_init_exceptions_1               0x0800025d   Thumb Code     0  libinit2.o(.ARM.Collect$$libinit$$00000030)
    __rt_lib_init_fp_trap_1                  0x0800025d   Thumb Code     0  libinit2.o(.ARM.Collect$$libinit$$0000001F)
    __rt_lib_init_getenv_1                   0x0800025d   Thumb Code     0  libinit2.o(.ARM.Collect$$libinit$$00000023)
    __rt_lib_init_lc_numeric_1               0x0800025d   Thumb Code     0  libinit2.o(.ARM.Collect$$libinit$$00000017)
    __rt_lib_init_lc_time_1                  0x0800025d   Thumb Code     0  libinit2.o(.ARM.Collect$$libinit$$00000019)
    __rt_lib_init_return                     0x0800025d   Thumb Code     0  libinit2.o(.ARM.Collect$$libinit$$00000033)
    __rt_lib_init_signal_1                   0x0800025d   Thumb Code     0  libinit2.o(.ARM.Collect$$libinit$$0000001D)
    __rt_lib_init_stdio_1                    0x0800025d   Thumb Code     0  libinit2.o(.ARM.Collect$$libinit$$00000025)
    __rt_lib_shutdown                        0x0800025f   Thumb Code     0  libshutdown.o(.ARM.Collect$$libshutdown$$00000000)
    __rt_lib_shutdown_cpp_1                  0x08000261   Thumb Code     0  libshutdown2.o(.ARM.Collect$$libshutdown$$00000002)
    __rt_lib_shutdown_fp_trap_1              0x08000261   Thumb Code     0  libshutdown2.o(.ARM.Collect$$libshutdown$$00000007)
    __rt_lib_shutdown_heap_1                 0x08000261   Thumb Code     0  libshutdown2.o(.ARM.Collect$$libshutdown$$0000000F)
    __rt_lib_shutdown_return                 0x08000261   Thumb Code     0  libshutdown2.o(.ARM.Collect$$libshutdown$$00000010)
    __rt_lib_shutdown_signal_1               0x08000261   Thumb Code     0  libshutdown2.o(.ARM.Collect$$libshutdown$$0000000A)
    __rt_lib_shutdown_stdio_1                0x08000261   Thumb Code     0  libshutdown2.o(.ARM.Collect$$libshutdown$$00000004)
    __rt_lib_shutdown_user_alloc_1           0x08000261   Thumb Code     0  libshutdown2.o(.ARM.Collect$$libshutdown$$0000000C)
    __rt_entry                               0x08000263   Thumb Code     0  __rtentry.o(.ARM.Collect$$rtentry$$00000000)
    __rt_entry_presh_1                       0x08000263   Thumb Code     0  __rtentry2.o(.ARM.Collect$$rtentry$$00000002)
    __rt_entry_sh                            0x08000263   Thumb Code     0  __rtentry4.o(.ARM.Collect$$rtentry$$00000004)
    __rt_entry_li                            0x08000269   Thumb Code     0  __rtentry2.o(.ARM.Collect$$rtentry$$0000000A)
    __rt_entry_postsh_1                      0x08000269   Thumb Code     0  __rtentry2.o(.ARM.Collect$$rtentry$$00000009)
    __rt_entry_main                          0x0800026d   Thumb Code     0  __rtentry2.o(.ARM.Collect$$rtentry$$0000000D)
    __rt_entry_postli_1                      0x0800026d   Thumb Code     0  __rtentry2.o(.ARM.Collect$$rtentry$$0000000C)
    __rt_exit                                0x08000275   Thumb Code     0  rtexit.o(.ARM.Collect$$rtexit$$00000000)
    __rt_exit_ls                             0x08000277   Thumb Code     0  rtexit2.o(.ARM.Collect$$rtexit$$00000003)
    __rt_exit_prels_1                        0x08000277   Thumb Code     0  rtexit2.o(.ARM.Collect$$rtexit$$00000002)
    __rt_exit_exit                           0x0800027b   Thumb Code     0  rtexit2.o(.ARM.Collect$$rtexit$$00000004)
    SVC_Handler                              0x08000281   Thumb Code    28  port.o(.emb_text)
    __asm___6_port_c_39a90d8d__prvStartFirstTask 0x080002a1   Thumb Code    36  port.o(.emb_text)
    __asm___6_port_c_39a90d8d__prvEnableVFP  0x080002c9   Thumb Code    16  port.o(.emb_text)
    PendSV_Handler                           0x080002dd   Thumb Code    92  port.o(.emb_text)
    vPortGetIPSR                             0x0800033d   Thumb Code     6  port.o(.emb_text)
    Reset_Handler                            0x08000345   Thumb Code     8  startup_stm32f746xx.o(.text)
    ADC_IRQHandler                           0x0800035f   Thumb Code     0  startup_stm32f746xx.o(.text)
    CAN1_RX0_IRQHandler                      0x0800035f   Thumb Code     0  startup_stm32f746xx.o(.text)
    CAN1_RX1_IRQHandler                      0x0800035f   Thumb Code     0  startup_stm32f746xx.o(.text)
    CAN1_SCE_IRQHandler                      0x0800035f   Thumb Code     0  startup_stm32f746xx.o(.text)
    CAN1_TX_IRQHandler                       0x0800035f   Thumb Code     0  startup_stm32f746xx.o(.text)
    CAN2_RX0_IRQHandler                      0x0800035f   Thumb Code     0  startup_stm32f746xx.o(.text)
    CAN2_RX1_IRQHandler                      0x0800035f   Thumb Code     0  startup_stm32f746xx.o(.text)
    CAN2_SCE_IRQHandler                      0x0800035f   Thumb Code     0  startup_stm32f746xx.o(.text)
    CAN2_TX_IRQHandler                       0x0800035f   Thumb Code     0  startup_stm32f746xx.o(.text)
    CEC_IRQHandler                           0x0800035f   Thumb Code     0  startup_stm32f746xx.o(.text)
    DCMI_IRQHandler                          0x0800035f   Thumb Code     0  startup_stm32f746xx.o(.text)
    DMA1_Stream0_IRQHandler                  0x0800035f   Thumb Code     0  startup_stm32f746xx.o(.text)
    DMA1_Stream1_IRQHandler                  0x0800035f   Thumb Code     0  startup_stm32f746xx.o(.text)
    DMA1_Stream2_IRQHandler                  0x0800035f   Thumb Code     0  startup_stm32f746xx.o(.text)
    DMA1_Stream3_IRQHandler                  0x0800035f   Thumb Code     0  startup_stm32f746xx.o(.text)
    DMA1_Stream4_IRQHandler                  0x0800035f   Thumb Code     0  startup_stm32f746xx.o(.text)
    DMA1_Stream5_IRQHandler                  0x0800035f   Thumb Code     0  startup_stm32f746xx.o(.text)
    DMA1_Stream6_IRQHandler                  0x0800035f   Thumb Code     0  startup_stm32f746xx.o(.text)
    DMA1_Stream7_IRQHandler                  0x0800035f   Thumb Code     0  startup_stm32f746xx.o(.text)
    DMA2D_IRQHandler                         0x0800035f   Thumb Code     0  startup_stm32f746xx.o(.text)
    DMA2_Stream0_IRQHandler                  0x0800035f   Thumb Code     0  startup_stm32f746xx.o(.text)
    DMA2_Stream1_IRQHandler                  0x0800035f   Thumb Code     0  startup_stm32f746xx.o(.text)
    DMA2_Stream2_IRQHandler                  0x0800035f   Thumb Code     0  startup_stm32f746xx.o(.text)
    DMA2_Stream3_IRQHandler                  0x0800035f   Thumb Code     0  startup_stm32f746xx.o(.text)
    DMA2_Stream4_IRQHandler                  0x0800035f   Thumb Code     0  startup_stm32f746xx.o(.text)
    DMA2_Stream5_IRQHandler                  0x0800035f   Thumb Code     0  startup_stm32f746xx.o(.text)
    DMA2_Stream6_IRQHandler                  0x0800035f   Thumb Code     0  startup_stm32f746xx.o(.text)
    DMA2_Stream7_IRQHandler                  0x0800035f   Thumb Code     0  startup_stm32f746xx.o(.text)
    ETH_IRQHandler                           0x0800035f   Thumb Code     0  startup_stm32f746xx.o(.text)
    ETH_WKUP_IRQHandler                      0x0800035f   Thumb Code     0  startup_stm32f746xx.o(.text)
    EXTI0_IRQHandler                         0x0800035f   Thumb Code     0  startup_stm32f746xx.o(.text)
    EXTI15_10_IRQHandler                     0x0800035f   Thumb Code     0  startup_stm32f746xx.o(.text)
    EXTI1_IRQHandler                         0x0800035f   Thumb Code     0  startup_stm32f746xx.o(.text)
    EXTI2_IRQHandler                         0x0800035f   Thumb Code     0  startup_stm32f746xx.o(.text)
    EXTI3_IRQHandler                         0x0800035f   Thumb Code     0  startup_stm32f746xx.o(.text)
    EXTI4_IRQHandler                         0x0800035f   Thumb Code     0  startup_stm32f746xx.o(.text)
    EXTI9_5_IRQHandler                       0x0800035f   Thumb Code     0  startup_stm32f746xx.o(.text)
    FLASH_IRQHandler                         0x0800035f   Thumb Code     0  startup_stm32f746xx.o(.text)
    FMC_IRQHandler                           0x0800035f   Thumb Code     0  startup_stm32f746xx.o(.text)
    FPU_IRQHandler                           0x0800035f   Thumb Code     0  startup_stm32f746xx.o(.text)
    I2C1_ER_IRQHandler                       0x0800035f   Thumb Code     0  startup_stm32f746xx.o(.text)
    I2C1_EV_IRQHandler                       0x0800035f   Thumb Code     0  startup_stm32f746xx.o(.text)
    I2C2_ER_IRQHandler                       0x0800035f   Thumb Code     0  startup_stm32f746xx.o(.text)
    I2C2_EV_IRQHandler                       0x0800035f   Thumb Code     0  startup_stm32f746xx.o(.text)
    I2C3_ER_IRQHandler                       0x0800035f   Thumb Code     0  startup_stm32f746xx.o(.text)
    I2C3_EV_IRQHandler                       0x0800035f   Thumb Code     0  startup_stm32f746xx.o(.text)
    I2C4_ER_IRQHandler                       0x0800035f   Thumb Code     0  startup_stm32f746xx.o(.text)
    I2C4_EV_IRQHandler                       0x0800035f   Thumb Code     0  startup_stm32f746xx.o(.text)
    LPTIM1_IRQHandler                        0x0800035f   Thumb Code     0  startup_stm32f746xx.o(.text)
    LTDC_ER_IRQHandler                       0x0800035f   Thumb Code     0  startup_stm32f746xx.o(.text)
    LTDC_IRQHandler                          0x0800035f   Thumb Code     0  startup_stm32f746xx.o(.text)
    OTG_FS_IRQHandler                        0x0800035f   Thumb Code     0  startup_stm32f746xx.o(.text)
    OTG_FS_WKUP_IRQHandler                   0x0800035f   Thumb Code     0  startup_stm32f746xx.o(.text)
    OTG_HS_EP1_IN_IRQHandler                 0x0800035f   Thumb Code     0  startup_stm32f746xx.o(.text)
    OTG_HS_EP1_OUT_IRQHandler                0x0800035f   Thumb Code     0  startup_stm32f746xx.o(.text)
    OTG_HS_IRQHandler                        0x0800035f   Thumb Code     0  startup_stm32f746xx.o(.text)
    OTG_HS_WKUP_IRQHandler                   0x0800035f   Thumb Code     0  startup_stm32f746xx.o(.text)
    PVD_IRQHandler                           0x0800035f   Thumb Code     0  startup_stm32f746xx.o(.text)
    QUADSPI_IRQHandler                       0x0800035f   Thumb Code     0  startup_stm32f746xx.o(.text)
    RCC_IRQHandler                           0x0800035f   Thumb Code     0  startup_stm32f746xx.o(.text)
    RNG_IRQHandler                           0x0800035f   Thumb Code     0  startup_stm32f746xx.o(.text)
    RTC_Alarm_IRQHandler                     0x0800035f   Thumb Code     0  startup_stm32f746xx.o(.text)
    RTC_WKUP_IRQHandler                      0x0800035f   Thumb Code     0  startup_stm32f746xx.o(.text)
    SAI1_IRQHandler                          0x0800035f   Thumb Code     0  startup_stm32f746xx.o(.text)
    SAI2_IRQHandler                          0x0800035f   Thumb Code     0  startup_stm32f746xx.o(.text)
    SDMMC1_IRQHandler                        0x0800035f   Thumb Code     0  startup_stm32f746xx.o(.text)
    SPDIF_RX_IRQHandler                      0x0800035f   Thumb Code     0  startup_stm32f746xx.o(.text)
    SPI1_IRQHandler                          0x0800035f   Thumb Code     0  startup_stm32f746xx.o(.text)
    SPI2_IRQHandler                          0x0800035f   Thumb Code     0  startup_stm32f746xx.o(.text)
    SPI3_IRQHandler                          0x0800035f   Thumb Code     0  startup_stm32f746xx.o(.text)
    SPI4_IRQHandler                          0x0800035f   Thumb Code     0  startup_stm32f746xx.o(.text)
    SPI5_IRQHandler                          0x0800035f   Thumb Code     0  startup_stm32f746xx.o(.text)
    SPI6_IRQHandler                          0x0800035f   Thumb Code     0  startup_stm32f746xx.o(.text)
    TAMP_STAMP_IRQHandler                    0x0800035f   Thumb Code     0  startup_stm32f746xx.o(.text)
    TIM1_BRK_TIM9_IRQHandler                 0x0800035f   Thumb Code     0  startup_stm32f746xx.o(.text)
    TIM1_CC_IRQHandler                       0x0800035f   Thumb Code     0  startup_stm32f746xx.o(.text)
    TIM1_TRG_COM_TIM11_IRQHandler            0x0800035f   Thumb Code     0  startup_stm32f746xx.o(.text)
    TIM1_UP_TIM10_IRQHandler                 0x0800035f   Thumb Code     0  startup_stm32f746xx.o(.text)
    TIM2_IRQHandler                          0x0800035f   Thumb Code     0  startup_stm32f746xx.o(.text)
    TIM3_IRQHandler                          0x0800035f   Thumb Code     0  startup_stm32f746xx.o(.text)
    TIM4_IRQHandler                          0x0800035f   Thumb Code     0  startup_stm32f746xx.o(.text)
    TIM5_IRQHandler                          0x0800035f   Thumb Code     0  startup_stm32f746xx.o(.text)
    TIM7_IRQHandler                          0x0800035f   Thumb Code     0  startup_stm32f746xx.o(.text)
    TIM8_BRK_TIM12_IRQHandler                0x0800035f   Thumb Code     0  startup_stm32f746xx.o(.text)
    TIM8_CC_IRQHandler                       0x0800035f   Thumb Code     0  startup_stm32f746xx.o(.text)
    TIM8_TRG_COM_TIM14_IRQHandler            0x0800035f   Thumb Code     0  startup_stm32f746xx.o(.text)
    TIM8_UP_TIM13_IRQHandler                 0x0800035f   Thumb Code     0  startup_stm32f746xx.o(.text)
    UART4_IRQHandler                         0x0800035f   Thumb Code     0  startup_stm32f746xx.o(.text)
    UART5_IRQHandler                         0x0800035f   Thumb Code     0  startup_stm32f746xx.o(.text)
    UART7_IRQHandler                         0x0800035f   Thumb Code     0  startup_stm32f746xx.o(.text)
    UART8_IRQHandler                         0x0800035f   Thumb Code     0  startup_stm32f746xx.o(.text)
    USART1_IRQHandler                        0x0800035f   Thumb Code     0  startup_stm32f746xx.o(.text)
    USART2_IRQHandler                        0x0800035f   Thumb Code     0  startup_stm32f746xx.o(.text)
    USART3_IRQHandler                        0x0800035f   Thumb Code     0  startup_stm32f746xx.o(.text)
    USART6_IRQHandler                        0x0800035f   Thumb Code     0  startup_stm32f746xx.o(.text)
    WWDG_IRQHandler                          0x0800035f   Thumb Code     0  startup_stm32f746xx.o(.text)
    __user_initial_stackheap                 0x08000361   Thumb Code     0  startup_stm32f746xx.o(.text)
    __aeabi_uldivmod                         0x08000385   Thumb Code     0  lludivv7m.o(.text)
    _ll_udiv                                 0x08000385   Thumb Code   238  lludivv7m.o(.text)
    __2snprintf                              0x08000475   Thumb Code    50  __2snprintf.o(.text)
    __printf                                 0x080004ad   Thumb Code   270  __printf_wp.o(.text)
    __aeabi_memcpy                           0x080005bb   Thumb Code     0  rt_memcpy_v6.o(.text)
    __rt_memcpy                              0x080005bb   Thumb Code   138  rt_memcpy_v6.o(.text)
    _memcpy_lastbytes                        0x08000621   Thumb Code     0  rt_memcpy_v6.o(.text)
    __aeabi_memset                           0x08000645   Thumb Code    16  aeabi_memset.o(.text)
    __aeabi_memclr4                          0x08000655   Thumb Code     0  rt_memclr_w.o(.text)
    __aeabi_memclr8                          0x08000655   Thumb Code     0  rt_memclr_w.o(.text)
    __rt_memclr_w                            0x08000655   Thumb Code    78  rt_memclr_w.o(.text)
    _memset_w                                0x08000659   Thumb Code     0  rt_memclr_w.o(.text)
    __use_two_region_memory                  0x080006a3   Thumb Code     2  heapauxi.o(.text)
    __rt_heap_escrow$2region                 0x080006a5   Thumb Code     2  heapauxi.o(.text)
    __rt_heap_expand$2region                 0x080006a7   Thumb Code     2  heapauxi.o(.text)
    __lib_sel_fp_printf                      0x080006a9   Thumb Code     2  _printf_fp_dec.o(.text)
    _printf_fp_dec_real                      0x0800085b   Thumb Code   620  _printf_fp_dec.o(.text)
    _printf_char_common                      0x08000ad3   Thumb Code    32  _printf_char_common.o(.text)
    _sputc                                   0x08000af9   Thumb Code    10  _sputc.o(.text)
    _snputc                                  0x08000b03   Thumb Code    16  _snputc.o(.text)
    __aeabi_memcpy4                          0x08000b13   Thumb Code     0  rt_memcpy_w.o(.text)
    __aeabi_memcpy8                          0x08000b13   Thumb Code     0  rt_memcpy_w.o(.text)
    __rt_memcpy_w                            0x08000b13   Thumb Code   100  rt_memcpy_w.o(.text)
    _memcpy_lastbytes_aligned                0x08000b5b   Thumb Code     0  rt_memcpy_w.o(.text)
    __aeabi_memclr                           0x08000b77   Thumb Code     0  rt_memclr.o(.text)
    __rt_memclr                              0x08000b77   Thumb Code    68  rt_memclr.o(.text)
    _memset                                  0x08000b7b   Thumb Code     0  rt_memclr.o(.text)
    __rt_locale                              0x08000bbd   Thumb Code     8  rt_locale_intlibspace.o(.text)
    _ll_udiv10                               0x08000bc5   Thumb Code   138  lludiv10.o(.text)
    _printf_fp_infnan                        0x08000c51   Thumb Code   112  _printf_fp_infnan.o(.text)
    _btod_etento                             0x08000cd1   Thumb Code   224  bigflt0.o(.text)
    __user_libspace                          0x08000db5   Thumb Code     8  libspace.o(.text)
    __user_perproc_libspace                  0x08000db5   Thumb Code     0  libspace.o(.text)
    __user_perthread_libspace                0x08000db5   Thumb Code     0  libspace.o(.text)
    __user_setup_stackheap                   0x08000dbd   Thumb Code    74  sys_stackheap_outer.o(.text)
    exit                                     0x08000e07   Thumb Code    18  exit.o(.text)
    strcmp                                   0x08000e19   Thumb Code   104  strcmpv7m_pel.o(.text)
    _sys_exit                                0x08000e81   Thumb Code     8  sys_exit.o(.text)
    __I$use$semihosting                      0x08000e8d   Thumb Code     0  use_no_semi.o(.text)
    __use_no_semihosting_swi                 0x08000e8d   Thumb Code     2  use_no_semi.o(.text)
    __semihosting_library_function           0x08000e8f   Thumb Code     0  indicate_semi.o(.text)
    _btod_d2e                                0x08000e8f   Thumb Code    62  btod.o(CL$$btod_d2e)
    _d2e_denorm_low                          0x08000ecd   Thumb Code    70  btod.o(CL$$btod_d2e_denorm_low)
    _d2e_norm_op1                            0x08000f13   Thumb Code    96  btod.o(CL$$btod_d2e_norm_op1)
    __btod_div_common                        0x08000f73   Thumb Code   696  btod.o(CL$$btod_div_common)
    _e2e                                     0x080012ab   Thumb Code   220  btod.o(CL$$btod_e2e)
    _btod_ediv                               0x08001387   Thumb Code    42  btod.o(CL$$btod_ediv)
    _btod_emul                               0x080013b1   Thumb Code    42  btod.o(CL$$btod_emul)
    __btod_mult_common                       0x080013db   Thumb Code   580  btod.o(CL$$btod_mult_common)
    BusFault_Handler                         0x0800161f   Thumb Code     2  stm32f7xx_it.o(i.BusFault_Handler)
    DebugMon_Handler                         0x08001621   Thumb Code     2  stm32f7xx_it.o(i.DebugMon_Handler)
    Error_Handler                            0x0800190d   Thumb Code     4  main.o(i.Error_Handler)
    HAL_Delay                                0x08001911   Thumb Code    32  stm32f7xx_hal.o(i.HAL_Delay)
    HAL_ETH_Init                             0x08001935   Thumb Code   300  stm32f7xx_hal_eth.o(i.HAL_ETH_Init)
    HAL_ETH_MspInit                          0x08001a71   Thumb Code   206  stm32f7xx_hal_msp.o(i.HAL_ETH_MspInit)
    HAL_GPIO_Init                            0x08001b59   Thumb Code   530  stm32f7xx_hal_gpio.o(i.HAL_GPIO_Init)
    HAL_GPIO_TogglePin                       0x08001da1   Thumb Code    16  stm32f7xx_hal_gpio.o(i.HAL_GPIO_TogglePin)
    HAL_GPIO_WritePin                        0x08001db1   Thumb Code    10  stm32f7xx_hal_gpio.o(i.HAL_GPIO_WritePin)
    HAL_GetTick                              0x08001dbd   Thumb Code     6  stm32f7xx_hal.o(i.HAL_GetTick)
    HAL_I2CEx_ConfigAnalogFilter             0x08001dc9   Thumb Code    88  stm32f7xx_hal_i2c_ex.o(i.HAL_I2CEx_ConfigAnalogFilter)
    HAL_I2CEx_ConfigDigitalFilter            0x08001e21   Thumb Code    84  stm32f7xx_hal_i2c_ex.o(i.HAL_I2CEx_ConfigDigitalFilter)
    HAL_I2C_Init                             0x08001e75   Thumb Code   186  stm32f7xx_hal_i2c.o(i.HAL_I2C_Init)
    HAL_I2C_Master_Receive                   0x08001f35   Thumb Code   284  stm32f7xx_hal_i2c.o(i.HAL_I2C_Master_Receive)
    HAL_I2C_Master_Transmit                  0x08002059   Thumb Code   324  stm32f7xx_hal_i2c.o(i.HAL_I2C_Master_Transmit)
    HAL_I2C_MspInit                          0x080021a5   Thumb Code   122  stm32f7xx_hal_msp.o(i.HAL_I2C_MspInit)
    HAL_IncTick                              0x0800222d   Thumb Code    12  stm32f7xx_hal.o(i.HAL_IncTick)
    HAL_Init                                 0x0800223d   Thumb Code    22  stm32f7xx_hal.o(i.HAL_Init)
    HAL_InitTick                             0x08002255   Thumb Code   132  stm32f7xx_hal_timebase_tim.o(i.HAL_InitTick)
    HAL_MspInit                              0x080022ed   Thumb Code    52  stm32f7xx_hal_msp.o(i.HAL_MspInit)
    HAL_NVIC_EnableIRQ                       0x08002325   Thumb Code    26  stm32f7xx_hal_cortex.o(i.HAL_NVIC_EnableIRQ)
    HAL_NVIC_SetPriority                     0x08002341   Thumb Code    60  stm32f7xx_hal_cortex.o(i.HAL_NVIC_SetPriority)
    HAL_NVIC_SetPriorityGrouping             0x08002381   Thumb Code    28  stm32f7xx_hal_cortex.o(i.HAL_NVIC_SetPriorityGrouping)
    HAL_PCDEx_ActivateLPM                    0x080023a5   Thumb Code    34  stm32f7xx_hal_pcd_ex.o(i.HAL_PCDEx_ActivateLPM)
    HAL_PCD_Init                             0x080023cd   Thumb Code   216  stm32f7xx_hal_pcd.o(i.HAL_PCD_Init)
    HAL_PCD_MspInit                          0x080024a5   Thumb Code   160  stm32f7xx_hal_msp.o(i.HAL_PCD_MspInit)
    HAL_PWR_EnableBkUpAccess                 0x0800254d   Thumb Code    12  stm32f7xx_hal_pwr.o(i.HAL_PWR_EnableBkUpAccess)
    HAL_RCCEx_PeriphCLKConfig                0x0800255d   Thumb Code  1276  stm32f7xx_hal_rcc_ex.o(i.HAL_RCCEx_PeriphCLKConfig)
    HAL_RCC_ClockConfig                      0x08002a59   Thumb Code   284  stm32f7xx_hal_rcc.o(i.HAL_RCC_ClockConfig)
    HAL_RCC_GetClockConfig                   0x08002b89   Thumb Code    56  stm32f7xx_hal_rcc.o(i.HAL_RCC_GetClockConfig)
    HAL_RCC_GetPCLK1Freq                     0x08002bc9   Thumb Code    20  stm32f7xx_hal_rcc.o(i.HAL_RCC_GetPCLK1Freq)
    HAL_RCC_GetPCLK2Freq                     0x08002be9   Thumb Code    20  stm32f7xx_hal_rcc.o(i.HAL_RCC_GetPCLK2Freq)
    HAL_RCC_GetSysClockFreq                  0x08002c09   Thumb Code    88  stm32f7xx_hal_rcc.o(i.HAL_RCC_GetSysClockFreq)
    HAL_RCC_OscConfig                        0x08002c69   Thumb Code   888  stm32f7xx_hal_rcc.o(i.HAL_RCC_OscConfig)
    HAL_TIMEx_Break2Callback                 0x08002fed   Thumb Code     2  stm32f7xx_hal_tim_ex.o(i.HAL_TIMEx_Break2Callback)
    HAL_TIMEx_BreakCallback                  0x08002fef   Thumb Code     2  stm32f7xx_hal_tim_ex.o(i.HAL_TIMEx_BreakCallback)
    HAL_TIMEx_CommutCallback                 0x08002ff1   Thumb Code     2  stm32f7xx_hal_tim_ex.o(i.HAL_TIMEx_CommutCallback)
    HAL_TIM_Base_Init                        0x08002ff3   Thumb Code    98  stm32f7xx_hal_tim.o(i.HAL_TIM_Base_Init)
    HAL_TIM_Base_MspInit                     0x08003055   Thumb Code     2  stm32f7xx_hal_tim.o(i.HAL_TIM_Base_MspInit)
    HAL_TIM_Base_Start_IT                    0x08003059   Thumb Code   106  stm32f7xx_hal_tim.o(i.HAL_TIM_Base_Start_IT)
    HAL_TIM_IC_CaptureCallback               0x080030e5   Thumb Code     2  stm32f7xx_hal_tim.o(i.HAL_TIM_IC_CaptureCallback)
    HAL_TIM_IRQHandler                       0x080030e7   Thumb Code   328  stm32f7xx_hal_tim.o(i.HAL_TIM_IRQHandler)
    HAL_TIM_OC_DelayElapsedCallback          0x0800322f   Thumb Code     2  stm32f7xx_hal_tim.o(i.HAL_TIM_OC_DelayElapsedCallback)
    HAL_TIM_PWM_PulseFinishedCallback        0x08003231   Thumb Code     2  stm32f7xx_hal_tim.o(i.HAL_TIM_PWM_PulseFinishedCallback)
    HAL_TIM_PeriodElapsedCallback            0x08003235   Thumb Code    14  main.o(i.HAL_TIM_PeriodElapsedCallback)
    HAL_TIM_TriggerCallback                  0x08003249   Thumb Code     2  stm32f7xx_hal_tim.o(i.HAL_TIM_TriggerCallback)
    HAL_UART_Init                            0x0800324b   Thumb Code   102  stm32f7xx_hal_uart.o(i.HAL_UART_Init)
    HAL_UART_MspInit                         0x080032b1   Thumb Code   120  stm32f7xx_hal_msp.o(i.HAL_UART_MspInit)
    HAL_UART_Transmit                        0x08003335   Thumb Code   166  stm32f7xx_hal_uart.o(i.HAL_UART_Transmit)
    HardFault_Handler                        0x080033db   Thumb Code     2  stm32f7xx_it.o(i.HardFault_Handler)
    LM75_ReadTemp_HAL                        0x08003719   Thumb Code    64  main.o(i.LM75_ReadTemp_HAL)
    MemManage_Handler                        0x08003981   Thumb Code     2  stm32f7xx_it.o(i.MemManage_Handler)
    NMI_Handler                              0x08003983   Thumb Code     2  stm32f7xx_it.o(i.NMI_Handler)
    StartDefaultTask                         0x08003985   Thumb Code    12  main.o(i.StartDefaultTask)
    StartalarmTask                           0x08003991   Thumb Code    62  main.o(i.StartalarmTask)
    StartserialTask                          0x080039d9   Thumb Code   140  main.o(i.StartserialTask)
    StarttempTask                            0x08003a75   Thumb Code    68  main.o(i.StarttempTask)
    SysTick_Handler                          0x08003ac5   Thumb Code    42  port.o(i.SysTick_Handler)
    SystemClock_Config                       0x08003af5   Thumb Code   146  main.o(i.SystemClock_Config)
    SystemInit                               0x08003b91   Thumb Code    12  system_stm32f7xx.o(i.SystemInit)
    TIM6_DAC_IRQHandler                      0x08003ba1   Thumb Code     6  stm32f7xx_it.o(i.TIM6_DAC_IRQHandler)
    TIM_Base_SetConfig                       0x08003bad   Thumb Code   166  stm32f7xx_hal_tim.o(i.TIM_Base_SetConfig)
    UART_AdvFeatureConfig                    0x08003c81   Thumb Code   200  stm32f7xx_hal_uart.o(i.UART_AdvFeatureConfig)
    UART_CheckIdleState                      0x08003d49   Thumb Code    90  stm32f7xx_hal_uart.o(i.UART_CheckIdleState)
    UART_SetConfig                           0x08003df1   Thumb Code   516  stm32f7xx_hal_uart.o(i.UART_SetConfig)
    UART_WaitOnFlagUntilTimeout              0x08004021   Thumb Code   148  stm32f7xx_hal_uart.o(i.UART_WaitOnFlagUntilTimeout)
    USB_CoreInit                             0x080040b5   Thumb Code   114  stm32f7xx_ll_usb.o(i.USB_CoreInit)
    USB_DevDisconnect                        0x08004173   Thumb Code    28  stm32f7xx_ll_usb.o(i.USB_DevDisconnect)
    USB_DevInit                              0x08004191   Thumb Code   354  stm32f7xx_ll_usb.o(i.USB_DevInit)
    USB_DisableGlobalInt                     0x080042fd   Thumb Code    12  stm32f7xx_ll_usb.o(i.USB_DisableGlobalInt)
    USB_FlushRxFifo                          0x08004309   Thumb Code    56  stm32f7xx_ll_usb.o(i.USB_FlushRxFifo)
    USB_FlushTxFifo                          0x08004341   Thumb Code    60  stm32f7xx_ll_usb.o(i.USB_FlushTxFifo)
    USB_SetCurrentMode                       0x0800437d   Thumb Code    94  stm32f7xx_ll_usb.o(i.USB_SetCurrentMode)
    UsageFault_Handler                       0x080043db   Thumb Code     2  stm32f7xx_it.o(i.UsageFault_Handler)
    __ARM_fpclassify                         0x080043dd   Thumb Code    48  fpclassify.o(i.__ARM_fpclassify)
    _is_digit                                0x0800442f   Thumb Code    14  __printf_wp.o(i._is_digit)
    main                                     0x0800443d   Thumb Code   118  main.o(i.main)
    osDelay                                  0x080044cd   Thumb Code    48  cmsis_os2.o(i.osDelay)
    osEventFlagsClear                        0x08004501   Thumb Code    82  cmsis_os2.o(i.osEventFlagsClear)
    osEventFlagsGet                          0x08004559   Thumb Code    42  cmsis_os2.o(i.osEventFlagsGet)
    osEventFlagsNew                          0x08004589   Thumb Code    64  cmsis_os2.o(i.osEventFlagsNew)
    osEventFlagsSet                          0x080045cd   Thumb Code    98  cmsis_os2.o(i.osEventFlagsSet)
    osEventFlagsWait                         0x08004639   Thumb Code   118  cmsis_os2.o(i.osEventFlagsWait)
    osKernelInitialize                       0x080046b5   Thumb Code    50  cmsis_os2.o(i.osKernelInitialize)
    osKernelStart                            0x080046ed   Thumb Code    58  cmsis_os2.o(i.osKernelStart)
    osMessageQueueGet                        0x0800472d   Thumb Code   118  cmsis_os2.o(i.osMessageQueueGet)
    osMessageQueueNew                        0x080047ad   Thumb Code   110  cmsis_os2.o(i.osMessageQueueNew)
    osMessageQueuePut                        0x08004821   Thumb Code   122  cmsis_os2.o(i.osMessageQueuePut)
    osThreadNew                              0x080048a5   Thumb Code   164  cmsis_os2.o(i.osThreadNew)
    pvPortMalloc                             0x0800511d   Thumb Code   222  heap_4.o(i.pvPortMalloc)
    pxPortInitialiseStack                    0x08005201   Thumb Code    42  port.o(i.pxPortInitialiseStack)
    uxListRemove                             0x08005231   Thumb Code    38  list.o(i.uxListRemove)
    uxTaskResetEventItemValue                0x08005259   Thumb Code    20  tasks.o(i.uxTaskResetEventItemValue)
    vApplicationGetIdleTaskMemory            0x08005271   Thumb Code    20  cmsis_os2.o(i.vApplicationGetIdleTaskMemory)
    vApplicationGetTimerTaskMemory           0x08005289   Thumb Code    20  cmsis_os2.o(i.vApplicationGetTimerTaskMemory)
    vEventGroupClearBitsCallback             0x080052a1   Thumb Code     4  event_groups.o(i.vEventGroupClearBitsCallback)
    vEventGroupSetBitsCallback               0x080052a5   Thumb Code     4  event_groups.o(i.vEventGroupSetBitsCallback)
    vListInitialise                          0x080052a9   Thumb Code    22  list.o(i.vListInitialise)
    vListInitialiseItem                      0x080052bf   Thumb Code     6  list.o(i.vListInitialiseItem)
    vListInsert                              0x080052c5   Thumb Code    48  list.o(i.vListInsert)
    vListInsertEnd                           0x080052f5   Thumb Code    24  list.o(i.vListInsertEnd)
    vPortEnterCritical                       0x0800530d   Thumb Code    62  port.o(i.vPortEnterCritical)
    vPortExitCritical                        0x08005355   Thumb Code    38  port.o(i.vPortExitCritical)
    vPortFree                                0x08005381   Thumb Code    96  heap_4.o(i.vPortFree)
    vPortSetupTimerInterrupt                 0x080053e5   Thumb Code    32  port.o(i.vPortSetupTimerInterrupt)
    vPortValidateInterruptPriority           0x08005409   Thumb Code    82  port.o(i.vPortValidateInterruptPriority)
    vQueueAddToRegistry                      0x08005465   Thumb Code    34  queue.o(i.vQueueAddToRegistry)
    vQueueWaitForMessageRestricted           0x0800548d   Thumb Code    68  queue.o(i.vQueueWaitForMessageRestricted)
    vTaskDelay                               0x080054d1   Thumb Code    70  tasks.o(i.vTaskDelay)
    vTaskInternalSetTimeOutState             0x08005521   Thumb Code    12  tasks.o(i.vTaskInternalSetTimeOutState)
    vTaskMissedYield                         0x08005531   Thumb Code     8  tasks.o(i.vTaskMissedYield)
    vTaskPlaceOnEventList                    0x0800553d   Thumb Code    48  tasks.o(i.vTaskPlaceOnEventList)
    vTaskPlaceOnEventListRestricted          0x08005571   Thumb Code    56  tasks.o(i.vTaskPlaceOnEventListRestricted)
    vTaskPlaceOnUnorderedEventList           0x080055ad   Thumb Code    84  tasks.o(i.vTaskPlaceOnUnorderedEventList)
    vTaskRemoveFromUnorderedEventList        0x08005605   Thumb Code   110  tasks.o(i.vTaskRemoveFromUnorderedEventList)
    vTaskStartScheduler                      0x0800567d   Thumb Code   126  tasks.o(i.vTaskStartScheduler)
    vTaskSuspendAll                          0x0800570d   Thumb Code    10  tasks.o(i.vTaskSuspendAll)
    vTaskSwitchContext                       0x0800571d   Thumb Code    94  tasks.o(i.vTaskSwitchContext)
    xEventGroupClearBits                     0x08005785   Thumb Code    72  event_groups.o(i.xEventGroupClearBits)
    xEventGroupClearBitsFromISR              0x080057cd   Thumb Code    12  event_groups.o(i.xEventGroupClearBitsFromISR)
    xEventGroupCreate                        0x080057dd   Thumb Code    28  event_groups.o(i.xEventGroupCreate)
    xEventGroupCreateStatic                  0x080057f9   Thumb Code    46  event_groups.o(i.xEventGroupCreateStatic)
    xEventGroupGetBitsFromISR                0x08005827   Thumb Code    30  event_groups.o(i.xEventGroupGetBitsFromISR)
    xEventGroupSetBits                       0x08005845   Thumb Code   152  event_groups.o(i.xEventGroupSetBits)
    xEventGroupSetBitsFromISR                0x080058dd   Thumb Code    12  event_groups.o(i.xEventGroupSetBitsFromISR)
    xEventGroupWaitBits                      0x080058ed   Thumb Code   276  event_groups.o(i.xEventGroupWaitBits)
    xPortStartScheduler                      0x08005a05   Thumb Code   176  port.o(i.xPortStartScheduler)
    xQueueGenericCreate                      0x08005ac5   Thumb Code    76  queue.o(i.xQueueGenericCreate)
    xQueueGenericCreateStatic                0x08005b11   Thumb Code   118  queue.o(i.xQueueGenericCreateStatic)
    xQueueGenericReset                       0x08005b89   Thumb Code   148  queue.o(i.xQueueGenericReset)
    xQueueGenericSend                        0x08005c21   Thumb Code   362  queue.o(i.xQueueGenericSend)
    xQueueGenericSendFromISR                 0x08005d91   Thumb Code   204  queue.o(i.xQueueGenericSendFromISR)
    xQueueReceive                            0x08005e5d   Thumb Code   322  queue.o(i.xQueueReceive)
    xQueueReceiveFromISR                     0x08005fa5   Thumb Code   168  queue.o(i.xQueueReceiveFromISR)
    xTaskCheckForTimeOut                     0x0800604d   Thumb Code   124  tasks.o(i.xTaskCheckForTimeOut)
    xTaskCreate                              0x080060cd   Thumb Code    90  tasks.o(i.xTaskCreate)
    xTaskCreateStatic                        0x08006127   Thumb Code    94  tasks.o(i.xTaskCreateStatic)
    xTaskGetSchedulerState                   0x08006185   Thumb Code    22  tasks.o(i.xTaskGetSchedulerState)
    xTaskGetTickCount                        0x080061a1   Thumb Code     6  tasks.o(i.xTaskGetTickCount)
    xTaskIncrementTick                       0x080061ad   Thumb Code   194  tasks.o(i.xTaskIncrementTick)
    xTaskPriorityDisinherit                  0x08006279   Thumb Code   124  tasks.o(i.xTaskPriorityDisinherit)
    xTaskRemoveFromEventList                 0x080062fd   Thumb Code   104  tasks.o(i.xTaskRemoveFromEventList)
    xTaskResumeAll                           0x08006371   Thumb Code   188  tasks.o(i.xTaskResumeAll)
    xTimerCreateTimerTask                    0x08006439   Thumb Code    82  timers.o(i.xTimerCreateTimerTask)
    xTimerGenericCommand                     0x0800649d   Thumb Code   102  timers.o(i.xTimerGenericCommand)
    xTimerPendFunctionCallFromISR            0x08006509   Thumb Code    34  timers.o(i.xTimerPendFunctionCallFromISR)
    _get_lc_numeric                          0x08006531   Thumb Code    44  lc_numeric_c.o(locale$$code)
    __fpl_dretinf                            0x0800655d   Thumb Code    12  dretinf.o(x$fpl$dretinf)
    __aeabi_f2d                              0x08006569   Thumb Code     0  f2d.o(x$fpl$f2d)
    _f2d                                     0x08006569   Thumb Code    86  f2d.o(x$fpl$f2d)
    __fpl_fnaninf                            0x080065bf   Thumb Code   140  fnaninf.o(x$fpl$fnaninf)
    _fp_init                                 0x0800664b   Thumb Code    10  fpinit.o(x$fpl$fpinit)
    __fplib_config_fpu_vfp                   0x08006653   Thumb Code     0  fpinit.o(x$fpl$fpinit)
    __fplib_config_pureend_doubles           0x08006653   Thumb Code     0  fpinit.o(x$fpl$fpinit)
    _printf_fp_dec                           0x08006655   Thumb Code     4  printf1.o(x$fpl$printf1)
    __I$use$fp                               0x08006658   Number         0  usenofp.o(x$fpl$usenofp)
    defaultTask_attributes                   0x08006658   Data          36  main.o(.constdata)
    TempTask_attributes                      0x0800667c   Data          36  main.o(.constdata)
    AlarmTask_attributes                     0x080066a0   Data          36  main.o(.constdata)
    SerialTask_attributes                    0x080066c4   Data          36  main.o(.constdata)
    tempQueue_attributes                     0x080066e8   Data          24  main.o(.constdata)
    alarmEvent_attributes                    0x08006700   Data          16  main.o(.constdata)
    AHBPrescTable                            0x08006710   Data          16  system_stm32f7xx.o(.constdata)
    APBPrescTable                            0x08006720   Data           8  system_stm32f7xx.o(.constdata)
    Region$$Table$$Base                      0x08006804   Number         0  anon$$obj.o(Region$$Table)
    Region$$Table$$Limit                     0x08006824   Number         0  anon$$obj.o(Region$$Table)
    defaultTaskHandle                        0x20000000   Data           4  main.o(.data)
    TempTaskHandle                           0x20000004   Data           4  main.o(.data)
    AlarmTaskHandle                          0x20000008   Data           4  main.o(.data)
    SerialTaskHandle                         0x2000000c   Data           4  main.o(.data)
    tempQueueHandle                          0x20000010   Data           4  main.o(.data)
    alarmEventHandle                         0x20000014   Data           4  main.o(.data)
    uwTickFreq                               0x20000020   Data           1  stm32f7xx_hal.o(.data)
    uwTickPrio                               0x20000024   Data           4  stm32f7xx_hal.o(.data)
    uwTick                                   0x20000028   Data           4  stm32f7xx_hal.o(.data)
    SystemCoreClock                          0x2000002c   Data           4  system_stm32f7xx.o(.data)
    pxCurrentTCB                             0x20000030   Data           4  tasks.o(.data)
    TxConfig                                 0x200000a8   Data          56  main.o(.bss)
    heth                                     0x200000e0   Data         176  main.o(.bss)
    hi2c1                                    0x20000190   Data          84  main.o(.bss)
    huart3                                   0x200001e4   Data         136  main.o(.bss)
    hpcd_USB_OTG_FS                          0x2000026c   Data        1248  main.o(.bss)
    htim6                                    0x2000074c   Data          76  stm32f7xx_hal_timebase_tim.o(.bss)
    xQueueRegistry                           0x20000798   Data          64  queue.o(.bss)
    __libspace_start                         0x2000566c   Data          96  libspace.o(.bss)
    __temporary_stack_top$libspace           0x200056cc   Data           0  libspace.o(.bss)
    DMARxDscrTab                             0x2004c000   Data         160  main.o(.ARM.__AT_0x2004C000)
    DMATxDscrTab                             0x2004c0a0   Data         160  main.o(.ARM.__AT_0x2004C0A0)



==============================================================================

Memory Map of the image

  Image Entry point : 0x080001c9

  Load Region LR_IROM1 (Base: 0x08000000, Size: 0x000068e8, Max: 0x00100000, ABSOLUTE)

    Execution Region ER_IROM1 (Exec base: 0x08000000, Load base: 0x08000000, Size: 0x00006840, Max: 0x00100000, ABSOLUTE)

    Exec Addr    Load Addr    Size         Type   Attr      Idx    E Section Name        Object

    0x08000000   0x08000000   0x000001c8   Data   RO            3    RESET               startup_stm32f746xx.o
    0x080001c8   0x080001c8   0x00000008   Code   RO         6298  * !!!main             c_w.l(__main.o)
    0x080001d0   0x080001d0   0x00000034   Code   RO         6532    !!!scatter          c_w.l(__scatter.o)
    0x08000204   0x08000204   0x0000001a   Code   RO         6534    !!handler_copy      c_w.l(__scatter_copy.o)
    0x0800021e   0x0800021e   0x00000002   PAD
    0x08000220   0x08000220   0x0000001c   Code   RO         6536    !!handler_zi        c_w.l(__scatter_zi.o)
    0x0800023c   0x0800023c   0x00000000   Code   RO         6287    .ARM.Collect$$_printf_percent$$00000000  c_w.l(_printf_percent.o)
    0x0800023c   0x0800023c   0x00000006   Code   RO         6286    .ARM.Collect$$_printf_percent$$00000003  c_w.l(_printf_f.o)
    0x08000242   0x08000242   0x00000004   Code   RO         6317    .ARM.Collect$$_printf_percent$$00000017  c_w.l(_printf_percent_end.o)
    0x08000246   0x08000246   0x00000002   Code   RO         6405    .ARM.Collect$$libinit$$00000000  c_w.l(libinit.o)
    0x08000248   0x08000248   0x00000004   Code   RO         6406    .ARM.Collect$$libinit$$00000001  c_w.l(libinit2.o)
    0x0800024c   0x0800024c   0x00000000   Code   RO         6409    .ARM.Collect$$libinit$$00000004  c_w.l(libinit2.o)
    0x0800024c   0x0800024c   0x00000000   Code   RO         6412    .ARM.Collect$$libinit$$0000000A  c_w.l(libinit2.o)
    0x0800024c   0x0800024c   0x00000000   Code   RO         6414    .ARM.Collect$$libinit$$0000000C  c_w.l(libinit2.o)
    0x0800024c   0x0800024c   0x00000000   Code   RO         6416    .ARM.Collect$$libinit$$0000000E  c_w.l(libinit2.o)
    0x0800024c   0x0800024c   0x00000006   Code   RO         6417    .ARM.Collect$$libinit$$0000000F  c_w.l(libinit2.o)
    0x08000252   0x08000252   0x00000000   Code   RO         6419    .ARM.Collect$$libinit$$00000011  c_w.l(libinit2.o)
    0x08000252   0x08000252   0x00000000   Code   RO         6421    .ARM.Collect$$libinit$$00000013  c_w.l(libinit2.o)
    0x08000252   0x08000252   0x00000000   Code   RO         6423    .ARM.Collect$$libinit$$00000015  c_w.l(libinit2.o)
    0x08000252   0x08000252   0x0000000a   Code   RO         6424    .ARM.Collect$$libinit$$00000016  c_w.l(libinit2.o)
    0x0800025c   0x0800025c   0x00000000   Code   RO         6425    .ARM.Collect$$libinit$$00000017  c_w.l(libinit2.o)
    0x0800025c   0x0800025c   0x00000000   Code   RO         6427    .ARM.Collect$$libinit$$00000019  c_w.l(libinit2.o)
    0x0800025c   0x0800025c   0x00000000   Code   RO         6429    .ARM.Collect$$libinit$$0000001B  c_w.l(libinit2.o)
    0x0800025c   0x0800025c   0x00000000   Code   RO         6431    .ARM.Collect$$libinit$$0000001D  c_w.l(libinit2.o)
    0x0800025c   0x0800025c   0x00000000   Code   RO         6433    .ARM.Collect$$libinit$$0000001F  c_w.l(libinit2.o)
    0x0800025c   0x0800025c   0x00000000   Code   RO         6435    .ARM.Collect$$libinit$$00000021  c_w.l(libinit2.o)
    0x0800025c   0x0800025c   0x00000000   Code   RO         6437    .ARM.Collect$$libinit$$00000023  c_w.l(libinit2.o)
    0x0800025c   0x0800025c   0x00000000   Code   RO         6439    .ARM.Collect$$libinit$$00000025  c_w.l(libinit2.o)
    0x0800025c   0x0800025c   0x00000000   Code   RO         6443    .ARM.Collect$$libinit$$0000002C  c_w.l(libinit2.o)
    0x0800025c   0x0800025c   0x00000000   Code   RO         6445    .ARM.Collect$$libinit$$0000002E  c_w.l(libinit2.o)
    0x0800025c   0x0800025c   0x00000000   Code   RO         6447    .ARM.Collect$$libinit$$00000030  c_w.l(libinit2.o)
    0x0800025c   0x0800025c   0x00000000   Code   RO         6449    .ARM.Collect$$libinit$$00000032  c_w.l(libinit2.o)
    0x0800025c   0x0800025c   0x00000002   Code   RO         6450    .ARM.Collect$$libinit$$00000033  c_w.l(libinit2.o)
    0x0800025e   0x0800025e   0x00000002   Code   RO         6497    .ARM.Collect$$libshutdown$$00000000  c_w.l(libshutdown.o)
    0x08000260   0x08000260   0x00000000   Code   RO         6515    .ARM.Collect$$libshutdown$$00000002  c_w.l(libshutdown2.o)
    0x08000260   0x08000260   0x00000000   Code   RO         6517    .ARM.Collect$$libshutdown$$00000004  c_w.l(libshutdown2.o)
    0x08000260   0x08000260   0x00000000   Code   RO         6520    .ARM.Collect$$libshutdown$$00000007  c_w.l(libshutdown2.o)
    0x08000260   0x08000260   0x00000000   Code   RO         6523    .ARM.Collect$$libshutdown$$0000000A  c_w.l(libshutdown2.o)
    0x08000260   0x08000260   0x00000000   Code   RO         6525    .ARM.Collect$$libshutdown$$0000000C  c_w.l(libshutdown2.o)
    0x08000260   0x08000260   0x00000000   Code   RO         6528    .ARM.Collect$$libshutdown$$0000000F  c_w.l(libshutdown2.o)
    0x08000260   0x08000260   0x00000002   Code   RO         6529    .ARM.Collect$$libshutdown$$00000010  c_w.l(libshutdown2.o)
    0x08000262   0x08000262   0x00000000   Code   RO         6304    .ARM.Collect$$rtentry$$00000000  c_w.l(__rtentry.o)
    0x08000262   0x08000262   0x00000000   Code   RO         6328    .ARM.Collect$$rtentry$$00000002  c_w.l(__rtentry2.o)
    0x08000262   0x08000262   0x00000006   Code   RO         6340    .ARM.Collect$$rtentry$$00000004  c_w.l(__rtentry4.o)
    0x08000268   0x08000268   0x00000000   Code   RO         6330    .ARM.Collect$$rtentry$$00000009  c_w.l(__rtentry2.o)
    0x08000268   0x08000268   0x00000004   Code   RO         6331    .ARM.Collect$$rtentry$$0000000A  c_w.l(__rtentry2.o)
    0x0800026c   0x0800026c   0x00000000   Code   RO         6333    .ARM.Collect$$rtentry$$0000000C  c_w.l(__rtentry2.o)
    0x0800026c   0x0800026c   0x00000008   Code   RO         6334    .ARM.Collect$$rtentry$$0000000D  c_w.l(__rtentry2.o)
    0x08000274   0x08000274   0x00000002   Code   RO         6451    .ARM.Collect$$rtexit$$00000000  c_w.l(rtexit.o)
    0x08000276   0x08000276   0x00000000   Code   RO         6466    .ARM.Collect$$rtexit$$00000002  c_w.l(rtexit2.o)
    0x08000276   0x08000276   0x00000004   Code   RO         6467    .ARM.Collect$$rtexit$$00000003  c_w.l(rtexit2.o)
    0x0800027a   0x0800027a   0x00000006   Code   RO         6468    .ARM.Collect$$rtexit$$00000004  c_w.l(rtexit2.o)
    0x08000280   0x08000280   0x000000c2   Code   RO         6179    .emb_text           port.o
    0x08000342   0x08000342   0x00000002   PAD
    0x08000344   0x08000344   0x00000040   Code   RO            4    .text               startup_stm32f746xx.o
    0x08000384   0x08000384   0x000000ee   Code   RO         6258    .text               c_w.l(lludivv7m.o)
    0x08000472   0x08000472   0x00000002   PAD
    0x08000474   0x08000474   0x00000038   Code   RO         6260    .text               c_w.l(__2snprintf.o)
    0x080004ac   0x080004ac   0x0000010e   Code   RO         6274    .text               c_w.l(__printf_wp.o)
    0x080005ba   0x080005ba   0x0000008a   Code   RO         6288    .text               c_w.l(rt_memcpy_v6.o)
    0x08000644   0x08000644   0x00000010   Code   RO         6292    .text               c_w.l(aeabi_memset.o)
    0x08000654   0x08000654   0x0000004e   Code   RO         6294    .text               c_w.l(rt_memclr_w.o)
    0x080006a2   0x080006a2   0x00000006   Code   RO         6296    .text               c_w.l(heapauxi.o)
    0x080006a8   0x080006a8   0x0000041e   Code   RO         6309    .text               c_w.l(_printf_fp_dec.o)
    0x08000ac6   0x08000ac6   0x00000002   PAD
    0x08000ac8   0x08000ac8   0x00000030   Code   RO         6311    .text               c_w.l(_printf_char_common.o)
    0x08000af8   0x08000af8   0x0000000a   Code   RO         6313    .text               c_w.l(_sputc.o)
    0x08000b02   0x08000b02   0x00000010   Code   RO         6315    .text               c_w.l(_snputc.o)
    0x08000b12   0x08000b12   0x00000064   Code   RO         6318    .text               c_w.l(rt_memcpy_w.o)
    0x08000b76   0x08000b76   0x00000044   Code   RO         6320    .text               c_w.l(rt_memclr.o)
    0x08000bba   0x08000bba   0x00000002   PAD
    0x08000bbc   0x08000bbc   0x00000008   Code   RO         6347    .text               c_w.l(rt_locale_intlibspace.o)
    0x08000bc4   0x08000bc4   0x0000008a   Code   RO         6349    .text               c_w.l(lludiv10.o)
    0x08000c4e   0x08000c4e   0x00000002   PAD
    0x08000c50   0x08000c50   0x00000080   Code   RO         6351    .text               c_w.l(_printf_fp_infnan.o)
    0x08000cd0   0x08000cd0   0x000000e4   Code   RO         6355    .text               c_w.l(bigflt0.o)
    0x08000db4   0x08000db4   0x00000008   Code   RO         6387    .text               c_w.l(libspace.o)
    0x08000dbc   0x08000dbc   0x0000004a   Code   RO         6390    .text               c_w.l(sys_stackheap_outer.o)
    0x08000e06   0x08000e06   0x00000012   Code   RO         6392    .text               c_w.l(exit.o)
    0x08000e18   0x08000e18   0x00000068   Code   RO         6398    .text               c_w.l(strcmpv7m_pel.o)
    0x08000e80   0x08000e80   0x0000000c   Code   RO         6463    .text               c_w.l(sys_exit.o)
    0x08000e8c   0x08000e8c   0x00000002   Code   RO         6484    .text               c_w.l(use_no_semi.o)
    0x08000e8e   0x08000e8e   0x00000000   Code   RO         6486    .text               c_w.l(indicate_semi.o)
    0x08000e8e   0x08000e8e   0x0000003e   Code   RO         6358    CL$$btod_d2e        c_w.l(btod.o)
    0x08000ecc   0x08000ecc   0x00000046   Code   RO         6360    CL$$btod_d2e_denorm_low  c_w.l(btod.o)
    0x08000f12   0x08000f12   0x00000060   Code   RO         6359    CL$$btod_d2e_norm_op1  c_w.l(btod.o)
    0x08000f72   0x08000f72   0x00000338   Code   RO         6368    CL$$btod_div_common  c_w.l(btod.o)
    0x080012aa   0x080012aa   0x000000dc   Code   RO         6365    CL$$btod_e2e        c_w.l(btod.o)
    0x08001386   0x08001386   0x0000002a   Code   RO         6362    CL$$btod_ediv       c_w.l(btod.o)
    0x080013b0   0x080013b0   0x0000002a   Code   RO         6361    CL$$btod_emul       c_w.l(btod.o)
    0x080013da   0x080013da   0x00000244   Code   RO         6367    CL$$btod_mult_common  c_w.l(btod.o)
    0x0800161e   0x0800161e   0x00000002   Code   RO          305    i.BusFault_Handler  stm32f7xx_it.o
    0x08001620   0x08001620   0x00000002   Code   RO          306    i.DebugMon_Handler  stm32f7xx_it.o
    0x08001622   0x08001622   0x00000002   PAD
    0x08001624   0x08001624   0x0000006a   Code   RO         3179    i.ETH_DMARxDescListInit  stm32f7xx_hal_eth.o
    0x0800168e   0x0800168e   0x0000009e   Code   RO         3181    i.ETH_MACDMAConfig  stm32f7xx_hal_eth.o
    0x0800172c   0x0800172c   0x000000c4   Code   RO         3183    i.ETH_SetDMAConfig  stm32f7xx_hal_eth.o
    0x080017f0   0x080017f0   0x0000011c   Code   RO         3184    i.ETH_SetMACConfig  stm32f7xx_hal_eth.o
    0x0800190c   0x0800190c   0x00000004   Code   RO           13    i.Error_Handler     main.o
    0x08001910   0x08001910   0x00000024   Code   RO         2402    i.HAL_Delay         stm32f7xx_hal.o
    0x08001934   0x08001934   0x0000013c   Code   RO         3201    i.HAL_ETH_Init      stm32f7xx_hal_eth.o
    0x08001a70   0x08001a70   0x000000e8   Code   RO          370    i.HAL_ETH_MspInit   stm32f7xx_hal_msp.o
    0x08001b58   0x08001b58   0x00000248   Code   RO         1969    i.HAL_GPIO_Init     stm32f7xx_hal_gpio.o
    0x08001da0   0x08001da0   0x00000010   Code   RO         1972    i.HAL_GPIO_TogglePin  stm32f7xx_hal_gpio.o
    0x08001db0   0x08001db0   0x0000000a   Code   RO         1973    i.HAL_GPIO_WritePin  stm32f7xx_hal_gpio.o
    0x08001dba   0x08001dba   0x00000002   PAD
    0x08001dbc   0x08001dbc   0x0000000c   Code   RO         2410    i.HAL_GetTick       stm32f7xx_hal.o
    0x08001dc8   0x08001dc8   0x00000058   Code   RO         3065    i.HAL_I2CEx_ConfigAnalogFilter  stm32f7xx_hal_i2c_ex.o
    0x08001e20   0x08001e20   0x00000054   Code   RO         3066    i.HAL_I2CEx_ConfigDigitalFilter  stm32f7xx_hal_i2c_ex.o
    0x08001e74   0x08001e74   0x000000c0   Code   RO         2604    i.HAL_I2C_Init      stm32f7xx_hal_i2c.o
    0x08001f34   0x08001f34   0x00000124   Code   RO         2610    i.HAL_I2C_Master_Receive  stm32f7xx_hal_i2c.o
    0x08002058   0x08002058   0x0000014c   Code   RO         2617    i.HAL_I2C_Master_Transmit  stm32f7xx_hal_i2c.o
    0x080021a4   0x080021a4   0x00000088   Code   RO          372    i.HAL_I2C_MspInit   stm32f7xx_hal_msp.o
    0x0800222c   0x0800222c   0x00000010   Code   RO         2416    i.HAL_IncTick       stm32f7xx_hal.o
    0x0800223c   0x0800223c   0x00000016   Code   RO         2417    i.HAL_Init          stm32f7xx_hal.o
    0x08002252   0x08002252   0x00000002   PAD
    0x08002254   0x08002254   0x00000098   Code   RO          441    i.HAL_InitTick      stm32f7xx_hal_timebase_tim.o
    0x080022ec   0x080022ec   0x00000038   Code   RO          373    i.HAL_MspInit       stm32f7xx_hal_msp.o
    0x08002324   0x08002324   0x0000001a   Code   RO         1482    i.HAL_NVIC_EnableIRQ  stm32f7xx_hal_cortex.o
    0x0800233e   0x0800233e   0x00000002   PAD
    0x08002340   0x08002340   0x00000040   Code   RO         1488    i.HAL_NVIC_SetPriority  stm32f7xx_hal_cortex.o
    0x08002380   0x08002380   0x00000024   Code   RO         1489    i.HAL_NVIC_SetPriorityGrouping  stm32f7xx_hal_cortex.o
    0x080023a4   0x080023a4   0x00000028   Code   RO         4213    i.HAL_PCDEx_ActivateLPM  stm32f7xx_hal_pcd_ex.o
    0x080023cc   0x080023cc   0x000000d8   Code   RO         3997    i.HAL_PCD_Init      stm32f7xx_hal_pcd.o
    0x080024a4   0x080024a4   0x000000a8   Code   RO          375    i.HAL_PCD_MspInit   stm32f7xx_hal_msp.o
    0x0800254c   0x0800254c   0x00000010   Code   RO         2186    i.HAL_PWR_EnableBkUpAccess  stm32f7xx_hal_pwr.o
    0x0800255c   0x0800255c   0x000004fc   Code   RO         1730    i.HAL_RCCEx_PeriphCLKConfig  stm32f7xx_hal_rcc_ex.o
    0x08002a58   0x08002a58   0x00000130   Code   RO         1623    i.HAL_RCC_ClockConfig  stm32f7xx_hal_rcc.o
    0x08002b88   0x08002b88   0x00000040   Code   RO         1627    i.HAL_RCC_GetClockConfig  stm32f7xx_hal_rcc.o
    0x08002bc8   0x08002bc8   0x00000020   Code   RO         1630    i.HAL_RCC_GetPCLK1Freq  stm32f7xx_hal_rcc.o
    0x08002be8   0x08002be8   0x00000020   Code   RO         1631    i.HAL_RCC_GetPCLK2Freq  stm32f7xx_hal_rcc.o
    0x08002c08   0x08002c08   0x00000060   Code   RO         1632    i.HAL_RCC_GetSysClockFreq  stm32f7xx_hal_rcc.o
    0x08002c68   0x08002c68   0x00000384   Code   RO         1635    i.HAL_RCC_OscConfig  stm32f7xx_hal_rcc.o
    0x08002fec   0x08002fec   0x00000002   Code   RO         1196    i.HAL_TIMEx_Break2Callback  stm32f7xx_hal_tim_ex.o
    0x08002fee   0x08002fee   0x00000002   Code   RO         1197    i.HAL_TIMEx_BreakCallback  stm32f7xx_hal_tim_ex.o
    0x08002ff0   0x08002ff0   0x00000002   Code   RO         1198    i.HAL_TIMEx_CommutCallback  stm32f7xx_hal_tim_ex.o
    0x08002ff2   0x08002ff2   0x00000062   Code   RO          482    i.HAL_TIM_Base_Init  stm32f7xx_hal_tim.o
    0x08003054   0x08003054   0x00000002   Code   RO          484    i.HAL_TIM_Base_MspInit  stm32f7xx_hal_tim.o
    0x08003056   0x08003056   0x00000002   PAD
    0x08003058   0x08003058   0x0000008c   Code   RO          487    i.HAL_TIM_Base_Start_IT  stm32f7xx_hal_tim.o
    0x080030e4   0x080030e4   0x00000002   Code   RO          516    i.HAL_TIM_IC_CaptureCallback  stm32f7xx_hal_tim.o
    0x080030e6   0x080030e6   0x00000148   Code   RO          530    i.HAL_TIM_IRQHandler  stm32f7xx_hal_tim.o
    0x0800322e   0x0800322e   0x00000002   Code   RO          533    i.HAL_TIM_OC_DelayElapsedCallback  stm32f7xx_hal_tim.o
    0x08003230   0x08003230   0x00000002   Code   RO          560    i.HAL_TIM_PWM_PulseFinishedCallback  stm32f7xx_hal_tim.o
    0x08003232   0x08003232   0x00000002   PAD
    0x08003234   0x08003234   0x00000014   Code   RO           15    i.HAL_TIM_PeriodElapsedCallback  main.o
    0x08003248   0x08003248   0x00000002   Code   RO          573    i.HAL_TIM_TriggerCallback  stm32f7xx_hal_tim.o
    0x0800324a   0x0800324a   0x00000066   Code   RO         3558    i.HAL_UART_Init     stm32f7xx_hal_uart.o
    0x080032b0   0x080032b0   0x00000084   Code   RO          377    i.HAL_UART_MspInit  stm32f7xx_hal_msp.o
    0x08003334   0x08003334   0x000000a6   Code   RO         3567    i.HAL_UART_Transmit  stm32f7xx_hal_uart.o
    0x080033da   0x080033da   0x00000002   Code   RO          307    i.HardFault_Handler  stm32f7xx_it.o
    0x080033dc   0x080033dc   0x00000022   Code   RO         2651    i.I2C_Flush_TXDR    stm32f7xx_hal_i2c.o
    0x080033fe   0x080033fe   0x00000002   PAD
    0x08003400   0x08003400   0x00000110   Code   RO         2659    i.I2C_IsErrorOccurred  stm32f7xx_hal_i2c.o
    0x08003510   0x08003510   0x00000030   Code   RO         2668    i.I2C_TransferConfig  stm32f7xx_hal_i2c.o
    0x08003540   0x08003540   0x0000007c   Code   RO         2670    i.I2C_WaitOnFlagUntilTimeout  stm32f7xx_hal_i2c.o
    0x080035bc   0x080035bc   0x000000a8   Code   RO         2671    i.I2C_WaitOnRXNEFlagUntilTimeout  stm32f7xx_hal_i2c.o
    0x08003664   0x08003664   0x00000058   Code   RO         2672    i.I2C_WaitOnSTOPFlagUntilTimeout  stm32f7xx_hal_i2c.o
    0x080036bc   0x080036bc   0x0000005c   Code   RO         2673    i.I2C_WaitOnTXISFlagUntilTimeout  stm32f7xx_hal_i2c.o
    0x08003718   0x08003718   0x00000048   Code   RO           16    i.LM75_ReadTemp_HAL  main.o
    0x08003760   0x08003760   0x0000006c   Code   RO           17    i.MX_ETH_Init       main.o
    0x080037cc   0x080037cc   0x000000f0   Code   RO           18    i.MX_GPIO_Init      main.o
    0x080038bc   0x080038bc   0x00000054   Code   RO           19    i.MX_I2C1_Init      main.o
    0x08003910   0x08003910   0x00000038   Code   RO           20    i.MX_USART3_UART_Init  main.o
    0x08003948   0x08003948   0x00000038   Code   RO           21    i.MX_USB_OTG_FS_PCD_Init  main.o
    0x08003980   0x08003980   0x00000002   Code   RO          308    i.MemManage_Handler  stm32f7xx_it.o
    0x08003982   0x08003982   0x00000002   Code   RO          309    i.NMI_Handler       stm32f7xx_it.o
    0x08003984   0x08003984   0x0000000c   Code   RO           22    i.StartDefaultTask  main.o
    0x08003990   0x08003990   0x00000048   Code   RO           23    i.StartalarmTask    main.o
    0x080039d8   0x080039d8   0x0000009c   Code   RO           24    i.StartserialTask   main.o
    0x08003a74   0x08003a74   0x00000050   Code   RO           25    i.StarttempTask     main.o
    0x08003ac4   0x08003ac4   0x00000030   Code   RO         6180    i.SysTick_Handler   port.o
    0x08003af4   0x08003af4   0x0000009c   Code   RO           26    i.SystemClock_Config  main.o
    0x08003b90   0x08003b90   0x00000010   Code   RO         4573    i.SystemInit        system_stm32f7xx.o
    0x08003ba0   0x08003ba0   0x0000000c   Code   RO          310    i.TIM6_DAC_IRQHandler  stm32f7xx_it.o
    0x08003bac   0x08003bac   0x000000d4   Code   RO          575    i.TIM_Base_SetConfig  stm32f7xx_hal_tim.o
    0x08003c80   0x08003c80   0x000000c8   Code   RO         3572    i.UART_AdvFeatureConfig  stm32f7xx_hal_uart.o
    0x08003d48   0x08003d48   0x0000005a   Code   RO         3573    i.UART_CheckIdleState  stm32f7xx_hal_uart.o
    0x08003da2   0x08003da2   0x0000004c   Code   RO         3584    i.UART_EndRxTransfer  stm32f7xx_hal_uart.o
    0x08003dee   0x08003dee   0x00000002   PAD
    0x08003df0   0x08003df0   0x00000230   Code   RO         3588    i.UART_SetConfig    stm32f7xx_hal_uart.o
    0x08004020   0x08004020   0x00000094   Code   RO         3593    i.UART_WaitOnFlagUntilTimeout  stm32f7xx_hal_uart.o
    0x080040b4   0x080040b4   0x00000078   Code   RO         4272    i.USB_CoreInit      stm32f7xx_ll_usb.o
    0x0800412c   0x0800412c   0x00000046   Code   RO         4273    i.USB_CoreReset     stm32f7xx_ll_usb.o
    0x08004172   0x08004172   0x0000001c   Code   RO         4278    i.USB_DevDisconnect  stm32f7xx_ll_usb.o
    0x0800418e   0x0800418e   0x00000002   PAD
    0x08004190   0x08004190   0x0000016c   Code   RO         4279    i.USB_DevInit       stm32f7xx_ll_usb.o
    0x080042fc   0x080042fc   0x0000000c   Code   RO         4280    i.USB_DisableGlobalInt  stm32f7xx_ll_usb.o
    0x08004308   0x08004308   0x00000038   Code   RO         4289    i.USB_FlushRxFifo   stm32f7xx_ll_usb.o
    0x08004340   0x08004340   0x0000003c   Code   RO         4290    i.USB_FlushTxFifo   stm32f7xx_ll_usb.o
    0x0800437c   0x0800437c   0x0000005e   Code   RO         4309    i.USB_SetCurrentMode  stm32f7xx_ll_usb.o
    0x080043da   0x080043da   0x00000002   Code   RO          311    i.UsageFault_Handler  stm32f7xx_it.o
    0x080043dc   0x080043dc   0x00000030   Code   RO         6385    i.__ARM_fpclassify  m_wm.l(fpclassify.o)
    0x0800440c   0x0800440c   0x00000022   Code   RO         1495    i.__NVIC_SetPriority  stm32f7xx_hal_cortex.o
    0x0800442e   0x0800442e   0x0000000e   Code   RO         6276    i._is_digit         c_w.l(__printf_wp.o)
    0x0800443c   0x0800443c   0x00000090   Code   RO           27    i.main              main.o
    0x080044cc   0x080044cc   0x00000034   Code   RO         5700    i.osDelay           cmsis_os2.o
    0x08004500   0x08004500   0x00000058   Code   RO         5702    i.osEventFlagsClear  cmsis_os2.o
    0x08004558   0x08004558   0x00000030   Code   RO         5704    i.osEventFlagsGet   cmsis_os2.o
    0x08004588   0x08004588   0x00000044   Code   RO         5705    i.osEventFlagsNew   cmsis_os2.o
    0x080045cc   0x080045cc   0x0000006c   Code   RO         5706    i.osEventFlagsSet   cmsis_os2.o
    0x08004638   0x08004638   0x0000007c   Code   RO         5707    i.osEventFlagsWait  cmsis_os2.o
    0x080046b4   0x080046b4   0x00000038   Code   RO         5714    i.osKernelInitialize  cmsis_os2.o
    0x080046ec   0x080046ec   0x00000040   Code   RO         5717    i.osKernelStart     cmsis_os2.o
    0x0800472c   0x0800472c   0x00000080   Code   RO         5720    i.osMessageQueueGet  cmsis_os2.o
    0x080047ac   0x080047ac   0x00000074   Code   RO         5725    i.osMessageQueueNew  cmsis_os2.o
    0x08004820   0x08004820   0x00000084   Code   RO         5726    i.osMessageQueuePut  cmsis_os2.o
    0x080048a4   0x080048a4   0x000000a8   Code   RO         5750    i.osThreadNew       cmsis_os2.o
    0x0800494c   0x0800494c   0x0000005c   Code   RO         5181    i.prvAddCurrentTaskToDelayedList  tasks.o
    0x080049a8   0x080049a8   0x000000d0   Code   RO         5182    i.prvAddNewTaskToReadyList  tasks.o
    0x08004a78   0x08004a78   0x00000058   Code   RO         5534    i.prvCheckForValidListAndQueue  timers.o
    0x08004ad0   0x08004ad0   0x00000026   Code   RO         4778    i.prvCopyDataFromQueue  queue.o
    0x08004af6   0x08004af6   0x0000006c   Code   RO         4779    i.prvCopyDataToQueue  queue.o
    0x08004b62   0x08004b62   0x00000038   Code   RO         5183    i.prvDeleteTCB      tasks.o
    0x08004b9a   0x08004b9a   0x00000002   PAD
    0x08004b9c   0x08004b9c   0x00000050   Code   RO         6130    i.prvHeapInit       heap_4.o
    0x08004bec   0x08004bec   0x00000060   Code   RO         5184    i.prvIdleTask       tasks.o
    0x08004c4c   0x08004c4c   0x00000022   Code   RO         4781    i.prvInitialiseNewQueue  queue.o
    0x08004c6e   0x08004c6e   0x000000b4   Code   RO         5185    i.prvInitialiseNewTask  tasks.o
    0x08004d22   0x08004d22   0x00000002   PAD
    0x08004d24   0x08004d24   0x0000004c   Code   RO         6131    i.prvInsertBlockIntoFreeList  heap_4.o
    0x08004d70   0x08004d70   0x0000003c   Code   RO         5536    i.prvInsertTimerInActiveList  timers.o
    0x08004dac   0x08004dac   0x0000001c   Code   RO         4782    i.prvIsQueueEmpty   queue.o
    0x08004dc8   0x08004dc8   0x00000100   Code   RO         5537    i.prvProcessReceivedCommands  timers.o
    0x08004ec8   0x08004ec8   0x000000c4   Code   RO         5538    i.prvProcessTimerOrBlockTask  timers.o
    0x08004f8c   0x08004f8c   0x00000020   Code   RO         5187    i.prvResetNextTaskUnblockTime  tasks.o
    0x08004fac   0x08004fac   0x00000028   Code   RO         5539    i.prvSampleTimeNow  timers.o
    0x08004fd4   0x08004fd4   0x00000070   Code   RO         5540    i.prvSwitchTimerLists  timers.o
    0x08005044   0x08005044   0x00000030   Code   RO         6181    i.prvTaskExitError  port.o
    0x08005074   0x08005074   0x00000018   Code   RO         4616    i.prvTestWaitCondition  event_groups.o
    0x0800508c   0x0800508c   0x00000024   Code   RO         5541    i.prvTimerTask      timers.o
    0x080050b0   0x080050b0   0x0000006a   Code   RO         4783    i.prvUnlockQueue    queue.o
    0x0800511a   0x0800511a   0x00000002   PAD
    0x0800511c   0x0800511c   0x000000e4   Code   RO         6132    i.pvPortMalloc      heap_4.o
    0x08005200   0x08005200   0x00000030   Code   RO         6182    i.pxPortInitialiseStack  port.o
    0x08005230   0x08005230   0x00000026   Code   RO         4738    i.uxListRemove      list.o
    0x08005256   0x08005256   0x00000002   PAD
    0x08005258   0x08005258   0x00000018   Code   RO         5198    i.uxTaskResetEventItemValue  tasks.o
    0x08005270   0x08005270   0x00000018   Code   RO         5762    i.vApplicationGetIdleTaskMemory  cmsis_os2.o
    0x08005288   0x08005288   0x00000018   Code   RO         5763    i.vApplicationGetTimerTaskMemory  cmsis_os2.o
    0x080052a0   0x080052a0   0x00000004   Code   RO         4618    i.vEventGroupClearBitsCallback  event_groups.o
    0x080052a4   0x080052a4   0x00000004   Code   RO         4620    i.vEventGroupSetBitsCallback  event_groups.o
    0x080052a8   0x080052a8   0x00000016   Code   RO         4739    i.vListInitialise   list.o
    0x080052be   0x080052be   0x00000006   Code   RO         4740    i.vListInitialiseItem  list.o
    0x080052c4   0x080052c4   0x00000030   Code   RO         4741    i.vListInsert       list.o
    0x080052f4   0x080052f4   0x00000018   Code   RO         4742    i.vListInsertEnd    list.o
    0x0800530c   0x0800530c   0x00000048   Code   RO         6184    i.vPortEnterCritical  port.o
    0x08005354   0x08005354   0x0000002c   Code   RO         6185    i.vPortExitCritical  port.o
    0x08005380   0x08005380   0x00000064   Code   RO         6133    i.vPortFree         heap_4.o
    0x080053e4   0x080053e4   0x00000024   Code   RO         6186    i.vPortSetupTimerInterrupt  port.o
    0x08005408   0x08005408   0x0000005c   Code   RO         6187    i.vPortValidateInterruptPriority  port.o
    0x08005464   0x08005464   0x00000028   Code   RO         4789    i.vQueueAddToRegistry  queue.o
    0x0800548c   0x0800548c   0x00000044   Code   RO         4793    i.vQueueWaitForMessageRestricted  queue.o
    0x080054d0   0x080054d0   0x00000050   Code   RO         5199    i.vTaskDelay        tasks.o
    0x08005520   0x08005520   0x00000010   Code   RO         5204    i.vTaskInternalSetTimeOutState  tasks.o
    0x08005530   0x08005530   0x0000000c   Code   RO         5205    i.vTaskMissedYield  tasks.o
    0x0800553c   0x0800553c   0x00000034   Code   RO         5207    i.vTaskPlaceOnEventList  tasks.o
    0x08005570   0x08005570   0x0000003c   Code   RO         5208    i.vTaskPlaceOnEventListRestricted  tasks.o
    0x080055ac   0x080055ac   0x00000058   Code   RO         5209    i.vTaskPlaceOnUnorderedEventList  tasks.o
    0x08005604   0x08005604   0x00000078   Code   RO         5212    i.vTaskRemoveFromUnorderedEventList  tasks.o
    0x0800567c   0x0800567c   0x00000090   Code   RO         5216    i.vTaskStartScheduler  tasks.o
    0x0800570c   0x0800570c   0x00000010   Code   RO         5218    i.vTaskSuspendAll   tasks.o
    0x0800571c   0x0800571c   0x00000068   Code   RO         5219    i.vTaskSwitchContext  tasks.o
    0x08005784   0x08005784   0x00000048   Code   RO         4622    i.xEventGroupClearBits  event_groups.o
    0x080057cc   0x080057cc   0x00000010   Code   RO         4623    i.xEventGroupClearBitsFromISR  event_groups.o
    0x080057dc   0x080057dc   0x0000001c   Code   RO         4624    i.xEventGroupCreate  event_groups.o
    0x080057f8   0x080057f8   0x0000002e   Code   RO         4625    i.xEventGroupCreateStatic  event_groups.o
    0x08005826   0x08005826   0x0000001e   Code   RO         4626    i.xEventGroupGetBitsFromISR  event_groups.o
    0x08005844   0x08005844   0x00000098   Code   RO         4627    i.xEventGroupSetBits  event_groups.o
    0x080058dc   0x080058dc   0x00000010   Code   RO         4628    i.xEventGroupSetBitsFromISR  event_groups.o
    0x080058ec   0x080058ec   0x00000118   Code   RO         4630    i.xEventGroupWaitBits  event_groups.o
    0x08005a04   0x08005a04   0x000000c0   Code   RO         6188    i.xPortStartScheduler  port.o
    0x08005ac4   0x08005ac4   0x0000004c   Code   RO         4798    i.xQueueGenericCreate  queue.o
    0x08005b10   0x08005b10   0x00000076   Code   RO         4799    i.xQueueGenericCreateStatic  queue.o
    0x08005b86   0x08005b86   0x00000002   PAD
    0x08005b88   0x08005b88   0x00000098   Code   RO         4800    i.xQueueGenericReset  queue.o
    0x08005c20   0x08005c20   0x00000170   Code   RO         4801    i.xQueueGenericSend  queue.o
    0x08005d90   0x08005d90   0x000000cc   Code   RO         4802    i.xQueueGenericSendFromISR  queue.o
    0x08005e5c   0x08005e5c   0x00000148   Code   RO         4811    i.xQueueReceive     queue.o
    0x08005fa4   0x08005fa4   0x000000a8   Code   RO         4812    i.xQueueReceiveFromISR  queue.o
    0x0800604c   0x0800604c   0x00000080   Code   RO         5220    i.xTaskCheckForTimeOut  tasks.o
    0x080060cc   0x080060cc   0x0000005a   Code   RO         5221    i.xTaskCreate       tasks.o
    0x08006126   0x08006126   0x0000005e   Code   RO         5222    i.xTaskCreateStatic  tasks.o
    0x08006184   0x08006184   0x0000001c   Code   RO         5226    i.xTaskGetSchedulerState  tasks.o
    0x080061a0   0x080061a0   0x0000000c   Code   RO         5227    i.xTaskGetTickCount  tasks.o
    0x080061ac   0x080061ac   0x000000cc   Code   RO         5229    i.xTaskIncrementTick  tasks.o
    0x08006278   0x08006278   0x00000084   Code   RO         5232    i.xTaskPriorityDisinherit  tasks.o
    0x080062fc   0x080062fc   0x00000074   Code   RO         5234    i.xTaskRemoveFromEventList  tasks.o
    0x08006370   0x08006370   0x000000c8   Code   RO         5235    i.xTaskResumeAll    tasks.o
    0x08006438   0x08006438   0x00000064   Code   RO         5549    i.xTimerCreateTimerTask  timers.o
    0x0800649c   0x0800649c   0x0000006c   Code   RO         5550    i.xTimerGenericCommand  timers.o
    0x08006508   0x08006508   0x00000028   Code   RO         5556    i.xTimerPendFunctionCallFromISR  timers.o
    0x08006530   0x08006530   0x0000002c   Code   RO         6381    locale$$code        c_w.l(lc_numeric_c.o)
    0x0800655c   0x0800655c   0x0000000c   Code   RO         6322    x$fpl$dretinf       fz_wm.l(dretinf.o)
    0x08006568   0x08006568   0x00000056   Code   RO         6300    x$fpl$f2d           fz_wm.l(f2d.o)
    0x080065be   0x080065be   0x0000008c   Code   RO         6324    x$fpl$fnaninf       fz_wm.l(fnaninf.o)
    0x0800664a   0x0800664a   0x0000000a   Code   RO         6461    x$fpl$fpinit        fz_wm.l(fpinit.o)
    0x08006654   0x08006654   0x00000004   Code   RO         6302    x$fpl$printf1       fz_wm.l(printf1.o)
    0x08006658   0x08006658   0x00000000   Code   RO         6326    x$fpl$usenofp       fz_wm.l(usenofp.o)
    0x08006658   0x08006658   0x000000b8   Data   RO           31    .constdata          main.o
    0x08006710   0x08006710   0x00000010   Data   RO         4574    .constdata          system_stm32f7xx.o
    0x08006720   0x08006720   0x00000008   Data   RO         4575    .constdata          system_stm32f7xx.o
    0x08006728   0x08006728   0x00000094   Data   RO         6356    .constdata          c_w.l(bigflt0.o)
    0x080067bc   0x080067bc   0x00000047   Data   RO           32    .conststring        main.o
    0x08006803   0x08006803   0x00000001   PAD
    0x08006804   0x08006804   0x00000020   Data   RO         6530    Region$$Table       anon$$obj.o
    0x08006824   0x08006824   0x0000001c   Data   RO         6380    locale$$data        c_w.l(lc_numeric_c.o)


    Execution Region RW_IRAM1 (Exec base: 0x20000000, Load base: 0x08006840, Size: 0x0004c140, Max: 0x00050000, ABSOLUTE)

    Exec Addr    Load Addr    Size         Type   Attr      Idx    E Section Name        Object

    0x20000000   0x08006840   0x0000001e   Data   RW           33    .data               main.o
    0x2000001e   0x0800685e   0x00000002   PAD
    0x20000020   0x08006860   0x0000000c   Data   RW         2424    .data               stm32f7xx_hal.o
    0x2000002c   0x0800686c   0x00000004   Data   RW         4576    .data               system_stm32f7xx.o
    0x20000030   0x08006870   0x0000003c   Data   RW         5238    .data               tasks.o
    0x2000006c   0x080068ac   0x00000014   Data   RW         5558    .data               timers.o
    0x20000080   0x080068c0   0x00000004   Data   RW         5765    .data               cmsis_os2.o
    0x20000084   0x080068c4   0x00000018   Data   RW         6138    .data               heap_4.o
    0x2000009c   0x080068dc   0x0000000c   Data   RW         6189    .data               port.o
    0x200000a8        -       0x000006a4   Zero   RW           30    .bss                main.o
    0x2000074c        -       0x0000004c   Zero   RW          444    .bss                stm32f7xx_hal_timebase_tim.o
    0x20000798        -       0x00000040   Zero   RW         4815    .bss                queue.o
    0x200007d8        -       0x000004c4   Zero   RW         5237    .bss                tasks.o
    0x20000c9c        -       0x00000118   Zero   RW         5557    .bss                timers.o
    0x20000db4        -       0x00000cb8   Zero   RW         5764    .bss                cmsis_os2.o
    0x20001a6c        -       0x00003c00   Zero   RW         6137    .bss                heap_4.o
    0x2000566c        -       0x00000060   Zero   RW         6388    .bss                c_w.l(libspace.o)
    0x200056cc   0x080068e8   0x00000004   PAD
    0x200056d0        -       0x00000200   Zero   RW            2    HEAP                startup_stm32f746xx.o
    0x200058d0        -       0x00000400   Zero   RW            1    STACK               startup_stm32f746xx.o
    0x20005cd0   0x080068e8   0x00046330   PAD
    0x2004c000        -       0x000000a0   Zero   RW           28    .ARM.__AT_0x2004C000  main.o
    0x2004c0a0        -       0x000000a0   Zero   RW           29    .ARM.__AT_0x2004C0A0  main.o


==============================================================================

Image component sizes


      Code (inc. data)   RO Data    RW Data    ZI Data      Debug   Object Name

      1200         86          0          4       3256      39683   cmsis_os2.o
       672         12          0          0          0      29870   event_groups.o
       484         24          0         24      15360       4843   heap_4.o
       138          0          0          0          0       3566   list.o
      1260        152        255         30       2020     888825   main.o
       774         80          0         12          0      11609   port.o
      1836         22          0          0         64      20221   queue.o
        64         26        456          0       1536        844   startup_stm32f746xx.o
        86         14          0         12          0       8362   stm32f7xx_hal.o
       160         12          0          0          0      38206   stm32f7xx_hal_cortex.o
      1060         24          0          0          0       6499   stm32f7xx_hal_eth.o
       610         54          0          0          0       2917   stm32f7xx_hal_gpio.o
      1642         36          0          0          0      11826   stm32f7xx_hal_i2c.o
       172          0          0          0          0       1979   stm32f7xx_hal_i2c_ex.o
       724         64          0          0          0       4135   stm32f7xx_hal_msp.o
       216          0          0          0          0       1739   stm32f7xx_hal_pcd.o
        40          6          0          0          0       1012   stm32f7xx_hal_pcd_ex.o
        16          4          0          0          0        547   stm32f7xx_hal_pwr.o
      1428         72          0          0          0       5913   stm32f7xx_hal_rcc.o
      1276         16          0          0          0       2292   stm32f7xx_hal_rcc_ex.o
       788         80          0          0          0       7572   stm32f7xx_hal_tim.o
         6          0          0          0          0       2200   stm32f7xx_hal_tim_ex.o
       152         20          0          0         76       1491   stm32f7xx_hal_timebase_tim.o
      1342         64          0          0          0       6953   stm32f7xx_hal_uart.o
        24          6          0          0          0       3275   stm32f7xx_it.o
       804         16          0          0          0       7545   stm32f7xx_ll_usb.o
         0          0          0          0          0        392   stream_buffer.o
        16          4         24          4          0       1135   system_stm32f7xx.o
      2384        182          0         60       1220      29773   tasks.o
      1036         90          0         20        280      32943   timers.o

    ----------------------------------------------------------------------
     20440       1166        768        168     311348    1178167   Object Totals
         0          0         32          0          0          0   (incl. Generated)
        30          0          1          2     287536          0   (incl. Padding)

    ----------------------------------------------------------------------

      Code (inc. data)   RO Data    RW Data    ZI Data      Debug   Library Member Name

        56          6          0          0          0         88   __2snprintf.o
         8          0          0          0          0         68   __main.o
       284          0          0          0          0        156   __printf_wp.o
         0          0          0          0          0          0   __rtentry.o
        12          0          0          0          0          0   __rtentry2.o
         6          0          0          0          0          0   __rtentry4.o
        52          8          0          0          0          0   __scatter.o
        26          0          0          0          0          0   __scatter_copy.o
        28          0          0          0          0          0   __scatter_zi.o
        48          6          0          0          0         96   _printf_char_common.o
         6          0          0          0          0          0   _printf_f.o
      1054          0          0          0          0        216   _printf_fp_dec.o
       128         16          0          0          0         84   _printf_fp_infnan.o
         0          0          0          0          0          0   _printf_percent.o
         4          0          0          0          0          0   _printf_percent_end.o
        16          0          0          0          0         68   _snputc.o
        10          0          0          0          0         68   _sputc.o
        16          0          0          0          0         68   aeabi_memset.o
       228          4        148          0          0         96   bigflt0.o
      1936        128          0          0          0        672   btod.o
        18          0          0          0          0         80   exit.o
         6          0          0          0          0        152   heapauxi.o
         0          0          0          0          0          0   indicate_semi.o
        44         10         28          0          0         76   lc_numeric_c.o
         2          0          0          0          0          0   libinit.o
        22          0          0          0          0          0   libinit2.o
         2          0          0          0          0          0   libshutdown.o
         2          0          0          0          0          0   libshutdown2.o
         8          4          0          0         96         68   libspace.o
       138          0          0          0          0         80   lludiv10.o
       238          0          0          0          0        100   lludivv7m.o
         8          4          0          0          0         68   rt_locale_intlibspace.o
        68          0          0          0          0         68   rt_memclr.o
        78          0          0          0          0         80   rt_memclr_w.o
       138          0          0          0          0         68   rt_memcpy_v6.o
       100          0          0          0          0         80   rt_memcpy_w.o
         2          0          0          0          0          0   rtexit.o
        10          0          0          0          0          0   rtexit2.o
       104          0          0          0          0         68   strcmpv7m_pel.o
        12          4          0          0          0         68   sys_exit.o
        74          0          0          0          0         80   sys_stackheap_outer.o
         2          0          0          0          0         68   use_no_semi.o
        12          0          0          0          0        116   dretinf.o
        86          4          0          0          0        132   f2d.o
       140          4          0          0          0        132   fnaninf.o
        10          0          0          0          0        116   fpinit.o
         4          0          0          0          0        116   printf1.o
         0          0          0          0          0          0   usenofp.o
        48          0          0          0          0        124   fpclassify.o

    ----------------------------------------------------------------------
      5304        198        176          0        100       3620   Library Totals
        10          0          0          0          4          0   (incl. Padding)

    ----------------------------------------------------------------------

      Code (inc. data)   RO Data    RW Data    ZI Data      Debug   Library Name

      4994        190        176          0         96       2884   c_w.l
       252          8          0          0          0        612   fz_wm.l
        48          0          0          0          0        124   m_wm.l

    ----------------------------------------------------------------------
      5304        198        176          0        100       3620   Library Totals

    ----------------------------------------------------------------------

==============================================================================


      Code (inc. data)   RO Data    RW Data    ZI Data      Debug   

     25744       1364        944        168     311448    1161775   Grand Totals
     25744       1364        944        168     311448    1161775   ELF Image Totals
     25744       1364        944        168          0          0   ROM Totals

==============================================================================

    Total RO  Size (Code + RO Data)                26688 (  26.06kB)
    Total RW  Size (RW Data + ZI Data)            311616 ( 304.31kB)
    Total ROM Size (Code + RO Data + RW Data)      26856 (  26.23kB)

==============================================================================

